<html>
<body>
<pre>
<h1>µVision Build Log</h1>
<h2>Tool Versions:</h2>
IDE-Version: ¦ÌVision V5.14.0.0
Copyright (C) 2015 ARM Ltd and ARM Germany GmbH. All rights reserved.
License Information: Huang qinhao, lingnanshifan, LIC=3UURY-IEY5V-35VTX-HK7ES-MQ369-BY0GX
 
Tool Versions:
Toolchain:       MDK-ARM Professional  Version: 5.14.0.0
Toolchain Path:  E:\Keil_v5\ARM\ARMCC\Bin
C Compiler:      Armcc.exe V5.05 update 1 (build 106)
Assembler:       Armasm.exe V5.05 update 1 (build 106)
Linker/Locator:  ArmLink.exe V5.05 update 1 (build 106)
Library Manager: ArmAr.exe V5.05 update 1 (build 106)
Hex Converter:   FromElf.exe V5.05 update 1 (build 106)
CPU DLL:         SARMCM3.DLL V5.14.0.0
Dialog DLL:      DCM.DLL V1.13.1.0
Target DLL:      STLink\ST-LINKIII-KEIL_SWO.dll V2.0.14.0_KEIL
Dialog DLL:      TCM.DLL V1.14.4.0
 
<h2>Project:</h2>
C:\Users\Admin\Desktop\stm32\Template\F429\Register\test\USER\test.uvprojx
Project File Date:  02/27/2022

<h2>Output:</h2>
Build target 'project'
compiling main.c...
compiling delay.c...
compiling sys.c...
compiling usart.c...
assembling startup_stm32f429xx.s...
linking...
Program Size: Code=484 RO-data=460 RW-data=8 ZI-data=1832  
FromELF: creating hex file...
"..\OBJ\test.axf" - 0 Error(s), 0 Warning(s).

<h2>Collection of Component include folders:</h2>
  C:\Users\Admin\Desktop\stm32\Template\F429\Register\test\USER\RTE
  E:\Keil_v5\Keil\STM32F4xx_DFP\2.16.0

<h2>Collection of Component Files used:</h2>
</pre>
</body>
</html>
