Component: ARM Compiler 5.05 update 1 (build 106) Tool: armlink [4d0efa]

==============================================================================

Section Cross References

    startup_stm32f10x_hd.o(RESET) refers to startup_stm32f10x_hd.o(STACK) for __initial_sp
    startup_stm32f10x_hd.o(RESET) refers to startup_stm32f10x_hd.o(.text) for Reset_Handler
    startup_stm32f10x_hd.o(RESET) refers to stm32f10x_it.o(i.NMI_Handler) for NMI_Handler
    startup_stm32f10x_hd.o(RESET) refers to stm32f10x_it.o(i.HardFault_Handler) for HardFault_Handler
    startup_stm32f10x_hd.o(RESET) refers to stm32f10x_it.o(i.MemManage_Handler) for MemManage_Handler
    startup_stm32f10x_hd.o(RESET) refers to stm32f10x_it.o(i.BusFault_Handler) for BusFault_Handler
    startup_stm32f10x_hd.o(RESET) refers to stm32f10x_it.o(i.UsageFault_Handler) for UsageFault_Handler
    startup_stm32f10x_hd.o(RESET) refers to stm32f10x_it.o(i.SVC_Handler) for SVC_Handler
    startup_stm32f10x_hd.o(RESET) refers to stm32f10x_it.o(i.DebugMon_Handler) for DebugMon_Handler
    startup_stm32f10x_hd.o(RESET) refers to stm32f10x_it.o(i.PendSV_Handler) for PendSV_Handler
    startup_stm32f10x_hd.o(RESET) refers to stm32f10x_it.o(i.SysTick_Handler) for SysTick_Handler
    startup_stm32f10x_hd.o(.text) refers to system_stm32f10x.o(i.SystemInit) for SystemInit
    startup_stm32f10x_hd.o(.text) refers to entry.o(.ARM.Collect$$$$00000000) for __main
    stm32f10x_adc.o(i.ADC_DeInit) refers to stm32f10x_rcc.o(i.RCC_APB2PeriphResetCmd) for RCC_APB2PeriphResetCmd
    stm32f10x_bkp.o(i.BKP_DeInit) refers to stm32f10x_rcc.o(i.RCC_BackupResetCmd) for RCC_BackupResetCmd
    stm32f10x_can.o(i.CAN_DeInit) refers to stm32f10x_rcc.o(i.RCC_APB1PeriphResetCmd) for RCC_APB1PeriphResetCmd
    stm32f10x_can.o(i.CAN_GetITStatus) refers to stm32f10x_can.o(i.CheckITStatus) for CheckITStatus
    stm32f10x_cec.o(i.CEC_DeInit) refers to stm32f10x_rcc.o(i.RCC_APB1PeriphResetCmd) for RCC_APB1PeriphResetCmd
    stm32f10x_dac.o(i.DAC_DeInit) refers to stm32f10x_rcc.o(i.RCC_APB1PeriphResetCmd) for RCC_APB1PeriphResetCmd
    stm32f10x_flash.o(i.FLASH_EnableWriteProtection) refers to stm32f10x_flash.o(i.FLASH_WaitForLastOperation) for FLASH_WaitForLastOperation
    stm32f10x_flash.o(i.FLASH_EraseAllBank1Pages) refers to stm32f10x_flash.o(i.FLASH_WaitForLastBank1Operation) for FLASH_WaitForLastBank1Operation
    stm32f10x_flash.o(i.FLASH_EraseAllPages) refers to stm32f10x_flash.o(i.FLASH_WaitForLastOperation) for FLASH_WaitForLastOperation
    stm32f10x_flash.o(i.FLASH_EraseOptionBytes) refers to stm32f10x_flash.o(i.FLASH_GetReadOutProtectionStatus) for FLASH_GetReadOutProtectionStatus
    stm32f10x_flash.o(i.FLASH_EraseOptionBytes) refers to stm32f10x_flash.o(i.FLASH_WaitForLastOperation) for FLASH_WaitForLastOperation
    stm32f10x_flash.o(i.FLASH_ErasePage) refers to stm32f10x_flash.o(i.FLASH_WaitForLastOperation) for FLASH_WaitForLastOperation
    stm32f10x_flash.o(i.FLASH_ProgramHalfWord) refers to stm32f10x_flash.o(i.FLASH_WaitForLastOperation) for FLASH_WaitForLastOperation
    stm32f10x_flash.o(i.FLASH_ProgramOptionByteData) refers to stm32f10x_flash.o(i.FLASH_WaitForLastOperation) for FLASH_WaitForLastOperation
    stm32f10x_flash.o(i.FLASH_ProgramWord) refers to stm32f10x_flash.o(i.FLASH_WaitForLastOperation) for FLASH_WaitForLastOperation
    stm32f10x_flash.o(i.FLASH_ReadOutProtection) refers to stm32f10x_flash.o(i.FLASH_WaitForLastOperation) for FLASH_WaitForLastOperation
    stm32f10x_flash.o(i.FLASH_UserOptionByteConfig) refers to stm32f10x_flash.o(i.FLASH_WaitForLastOperation) for FLASH_WaitForLastOperation
    stm32f10x_flash.o(i.FLASH_WaitForLastBank1Operation) refers to stm32f10x_flash.o(i.FLASH_GetBank1Status) for FLASH_GetBank1Status
    stm32f10x_flash.o(i.FLASH_WaitForLastOperation) refers to stm32f10x_flash.o(i.FLASH_GetBank1Status) for FLASH_GetBank1Status
    stm32f10x_gpio.o(i.GPIO_AFIODeInit) refers to stm32f10x_rcc.o(i.RCC_APB2PeriphResetCmd) for RCC_APB2PeriphResetCmd
    stm32f10x_gpio.o(i.GPIO_DeInit) refers to stm32f10x_rcc.o(i.RCC_APB2PeriphResetCmd) for RCC_APB2PeriphResetCmd
    stm32f10x_i2c.o(i.I2C_DeInit) refers to stm32f10x_rcc.o(i.RCC_APB1PeriphResetCmd) for RCC_APB1PeriphResetCmd
    stm32f10x_i2c.o(i.I2C_Init) refers to stm32f10x_rcc.o(i.RCC_GetClocksFreq) for RCC_GetClocksFreq
    stm32f10x_pwr.o(i.PWR_DeInit) refers to stm32f10x_rcc.o(i.RCC_APB1PeriphResetCmd) for RCC_APB1PeriphResetCmd
    stm32f10x_rcc.o(i.RCC_GetClocksFreq) refers to stm32f10x_rcc.o(.data) for APBAHBPrescTable
    stm32f10x_rcc.o(i.RCC_WaitForHSEStartUp) refers to stm32f10x_rcc.o(i.RCC_GetFlagStatus) for RCC_GetFlagStatus
    stm32f10x_rtc.o(i.RTC_SetAlarm) refers to stm32f10x_rtc.o(i.RTC_EnterConfigMode) for RTC_EnterConfigMode
    stm32f10x_rtc.o(i.RTC_SetAlarm) refers to stm32f10x_rtc.o(i.RTC_ExitConfigMode) for RTC_ExitConfigMode
    stm32f10x_rtc.o(i.RTC_SetCounter) refers to stm32f10x_rtc.o(i.RTC_EnterConfigMode) for RTC_EnterConfigMode
[...]
    Removing stm32f10x_spi.o(i.SPI_Init), (60 bytes).
    Removing stm32f10x_spi.o(i.SPI_NSSInternalSoftwareConfig), (30 bytes).
    Removing stm32f10x_spi.o(i.SPI_SSOutputCmd), (24 bytes).
    Removing stm32f10x_spi.o(i.SPI_StructInit), (24 bytes).
    Removing stm32f10x_spi.o(i.SPI_TransmitCRC), (10 bytes).
    Removing stm32f10x_tim.o(i.TI1_Config), (128 bytes).
    Removing stm32f10x_tim.o(i.TI2_Config), (152 bytes).
    Removing stm32f10x_tim.o(i.TI3_Config), (144 bytes).
    Removing stm32f10x_tim.o(i.TI4_Config), (152 bytes).
    Removing stm32f10x_tim.o(i.TIM_ARRPreloadConfig), (24 bytes).
    Removing stm32f10x_tim.o(i.TIM_BDTRConfig), (32 bytes).
    Removing stm32f10x_tim.o(i.TIM_BDTRStructInit), (18 bytes).
    Removing stm32f10x_tim.o(i.TIM_CCPreloadControl), (24 bytes).
    Removing stm32f10x_tim.o(i.TIM_CCxCmd), (30 bytes).
    Removing stm32f10x_tim.o(i.TIM_CCxNCmd), (30 bytes).
    Removing stm32f10x_tim.o(i.TIM_ClearFlag), (6 bytes).
    Removing stm32f10x_tim.o(i.TIM_ClearITPendingBit), (6 bytes).
    Removing stm32f10x_tim.o(i.TIM_ClearOC1Ref), (18 bytes).
    Removing stm32f10x_tim.o(i.TIM_ClearOC2Ref), (24 bytes).
    Removing stm32f10x_tim.o(i.TIM_ClearOC3Ref), (18 bytes).
    Removing stm32f10x_tim.o(i.TIM_ClearOC4Ref), (24 bytes).
    Removing stm32f10x_tim.o(i.TIM_Cmd), (24 bytes).
    Removing stm32f10x_tim.o(i.TIM_CounterModeConfig), (18 bytes).
    Removing stm32f10x_tim.o(i.TIM_CtrlPWMOutputs), (30 bytes).
    Removing stm32f10x_tim.o(i.TIM_DMACmd), (18 bytes).
    Removing stm32f10x_tim.o(i.TIM_DMAConfig), (10 bytes).
    Removing stm32f10x_tim.o(i.TIM_DeInit), (488 bytes).
    Removing stm32f10x_tim.o(i.TIM_ETRClockMode1Config), (54 bytes).
    Removing stm32f10x_tim.o(i.TIM_ETRClockMode2Config), (32 bytes).
    Removing stm32f10x_tim.o(i.TIM_ETRConfig), (28 bytes).
    Removing stm32f10x_tim.o(i.TIM_EncoderInterfaceConfig), (66 bytes).
    Removing stm32f10x_tim.o(i.TIM_ForcedOC1Config), (18 bytes).
    Removing stm32f10x_tim.o(i.TIM_ForcedOC2Config), (26 bytes).
    Removing stm32f10x_tim.o(i.TIM_ForcedOC3Config), (18 bytes).
    Removing stm32f10x_tim.o(i.TIM_ForcedOC4Config), (26 bytes).
    Removing stm32f10x_tim.o(i.TIM_GenerateEvent), (4 bytes).
    Removing stm32f10x_tim.o(i.TIM_GetCapture1), (6 bytes).
    Removing stm32f10x_tim.o(i.TIM_GetCapture2), (6 bytes).
    Removing stm32f10x_tim.o(i.TIM_GetCapture3), (6 bytes).
    Removing stm32f10x_tim.o(i.TIM_GetCapture4), (8 bytes).
    Removing stm32f10x_tim.o(i.TIM_GetCounter), (6 bytes).
    Removing stm32f10x_tim.o(i.TIM_GetFlagStatus), (18 bytes).
    Removing stm32f10x_tim.o(i.TIM_GetITStatus), (34 bytes).
    Removing stm32f10x_tim.o(i.TIM_GetPrescaler), (6 bytes).
    Removing stm32f10x_tim.o(i.TIM_ICInit), (172 bytes).
    Removing stm32f10x_tim.o(i.TIM_ICStructInit), (18 bytes).
    Removing stm32f10x_tim.o(i.TIM_ITConfig), (18 bytes).
    Removing stm32f10x_tim.o(i.TIM_ITRxExternalClockConfig), (24 bytes).
    Removing stm32f10x_tim.o(i.TIM_InternalClockConfig), (12 bytes).
    Removing stm32f10x_tim.o(i.TIM_OC1FastConfig), (18 bytes).
    Removing stm32f10x_tim.o(i.TIM_OC1Init), (152 bytes).
    Removing stm32f10x_tim.o(i.TIM_OC1NPolarityConfig), (18 bytes).
    Removing stm32f10x_tim.o(i.TIM_OC1PolarityConfig), (18 bytes).
    Removing stm32f10x_tim.o(i.TIM_OC1PreloadConfig), (18 bytes).
    Removing stm32f10x_tim.o(i.TIM_OC2FastConfig), (26 bytes).
    Removing stm32f10x_tim.o(i.TIM_OC2Init), (164 bytes).
    Removing stm32f10x_tim.o(i.TIM_OC2NPolarityConfig), (26 bytes).
    Removing stm32f10x_tim.o(i.TIM_OC2PolarityConfig), (26 bytes).
    Removing stm32f10x_tim.o(i.TIM_OC2PreloadConfig), (26 bytes).
    Removing stm32f10x_tim.o(i.TIM_OC3FastConfig), (18 bytes).
    Removing stm32f10x_tim.o(i.TIM_OC3Init), (160 bytes).
    Removing stm32f10x_tim.o(i.TIM_OC3NPolarityConfig), (26 bytes).
    Removing stm32f10x_tim.o(i.TIM_OC3PolarityConfig), (26 bytes).
    Removing stm32f10x_tim.o(i.TIM_OC3PreloadConfig), (18 bytes).
    Removing stm32f10x_tim.o(i.TIM_OC4FastConfig), (26 bytes).
    Removing stm32f10x_tim.o(i.TIM_OC4Init), (124 bytes).
    Removing stm32f10x_tim.o(i.TIM_OC4PolarityConfig), (26 bytes).
    Removing stm32f10x_tim.o(i.TIM_OC4PreloadConfig), (26 bytes).
    Removing stm32f10x_tim.o(i.TIM_OCStructInit), (20 bytes).
    Removing stm32f10x_tim.o(i.TIM_PWMIConfig), (124 bytes).
    Removing stm32f10x_tim.o(i.TIM_PrescalerConfig), (6 bytes).
    Removing stm32f10x_tim.o(i.TIM_SelectCCDMA), (24 bytes).
    Removing stm32f10x_tim.o(i.TIM_SelectCOM), (24 bytes).
    Removing stm32f10x_tim.o(i.TIM_SelectHallSensor), (24 bytes).
    Removing stm32f10x_tim.o(i.TIM_SelectInputTrigger), (18 bytes).
    Removing stm32f10x_tim.o(i.TIM_SelectMasterSlaveMode), (18 bytes).
    Removing stm32f10x_tim.o(i.TIM_SelectOCxM), (82 bytes).
    Removing stm32f10x_tim.o(i.TIM_SelectOnePulseMode), (18 bytes).
    Removing stm32f10x_tim.o(i.TIM_SelectOutputTrigger), (18 bytes).
    Removing stm32f10x_tim.o(i.TIM_SelectSlaveMode), (18 bytes).
    Removing stm32f10x_tim.o(i.TIM_SetAutoreload), (4 bytes).
    Removing stm32f10x_tim.o(i.TIM_SetClockDivision), (18 bytes).
    Removing stm32f10x_tim.o(i.TIM_SetCompare1), (4 bytes).
    Removing stm32f10x_tim.o(i.TIM_SetCompare2), (4 bytes).
    Removing stm32f10x_tim.o(i.TIM_SetCompare3), (4 bytes).
    Removing stm32f10x_tim.o(i.TIM_SetCompare4), (6 bytes).
    Removing stm32f10x_tim.o(i.TIM_SetCounter), (4 bytes).
    Removing stm32f10x_tim.o(i.TIM_SetIC1Prescaler), (18 bytes).
    Removing stm32f10x_tim.o(i.TIM_SetIC2Prescaler), (26 bytes).
    Removing stm32f10x_tim.o(i.TIM_SetIC3Prescaler), (18 bytes).
    Removing stm32f10x_tim.o(i.TIM_SetIC4Prescaler), (26 bytes).
    Removing stm32f10x_tim.o(i.TIM_TIxExternalClockConfig), (62 bytes).
    Removing stm32f10x_tim.o(i.TIM_TimeBaseInit), (164 bytes).
    Removing stm32f10x_tim.o(i.TIM_TimeBaseStructInit), (18 bytes).
    Removing stm32f10x_tim.o(i.TIM_UpdateDisableConfig), (24 bytes).
    Removing stm32f10x_tim.o(i.TIM_UpdateRequestConfig), (24 bytes).
    Removing stm32f10x_usart.o(i.USART_ClearFlag), (18 bytes).
    Removing stm32f10x_usart.o(i.USART_ClearITPendingBit), (30 bytes).
    Removing stm32f10x_usart.o(i.USART_ClockInit), (34 bytes).
    Removing stm32f10x_usart.o(i.USART_ClockStructInit), (12 bytes).
    Removing stm32f10x_usart.o(i.USART_Cmd), (24 bytes).
    Removing stm32f10x_usart.o(i.USART_DMACmd), (18 bytes).
    Removing stm32f10x_usart.o(i.USART_DeInit), (156 bytes).
    Removing stm32f10x_usart.o(i.USART_GetFlagStatus), (26 bytes).
    Removing stm32f10x_usart.o(i.USART_GetITStatus), (84 bytes).
    Removing stm32f10x_usart.o(i.USART_HalfDuplexCmd), (24 bytes).
    Removing stm32f10x_usart.o(i.USART_ITConfig), (74 bytes).
    Removing stm32f10x_usart.o(i.USART_Init), (216 bytes).
    Removing stm32f10x_usart.o(i.USART_IrDACmd), (24 bytes).
    Removing stm32f10x_usart.o(i.USART_IrDAConfig), (18 bytes).
    Removing stm32f10x_usart.o(i.USART_LINBreakDetectLengthConfig), (18 bytes).
    Removing stm32f10x_usart.o(i.USART_LINCmd), (24 bytes).
    Removing stm32f10x_usart.o(i.USART_OneBitMethodCmd), (24 bytes).
    Removing stm32f10x_usart.o(i.USART_OverSampling8Cmd), (22 bytes).
    Removing stm32f10x_usart.o(i.USART_ReceiveData), (10 bytes).
    Removing stm32f10x_usart.o(i.USART_ReceiverWakeUpCmd), (24 bytes).
    Removing stm32f10x_usart.o(i.USART_SendBreak), (10 bytes).
    Removing stm32f10x_usart.o(i.USART_SendData), (8 bytes).
    Removing stm32f10x_usart.o(i.USART_SetAddress), (18 bytes).
    Removing stm32f10x_usart.o(i.USART_SetGuardTime), (16 bytes).
    Removing stm32f10x_usart.o(i.USART_SetPrescaler), (16 bytes).
    Removing stm32f10x_usart.o(i.USART_SmartCardCmd), (24 bytes).
    Removing stm32f10x_usart.o(i.USART_SmartCardNACKCmd), (24 bytes).
    Removing stm32f10x_usart.o(i.USART_StructInit), (24 bytes).
    Removing stm32f10x_usart.o(i.USART_WakeUpConfig), (18 bytes).
    Removing stm32f10x_wwdg.o(i.WWDG_ClearFlag), (12 bytes).
    Removing stm32f10x_wwdg.o(i.WWDG_DeInit), (22 bytes).
    Removing stm32f10x_wwdg.o(i.WWDG_Enable), (16 bytes).
    Removing stm32f10x_wwdg.o(i.WWDG_EnableIT), (12 bytes).
    Removing stm32f10x_wwdg.o(i.WWDG_GetFlagStatus), (12 bytes).
    Removing stm32f10x_wwdg.o(i.WWDG_SetCounter), (16 bytes).
    Removing stm32f10x_wwdg.o(i.WWDG_SetPrescaler), (24 bytes).
    Removing stm32f10x_wwdg.o(i.WWDG_SetWindowValue), (40 bytes).
    Removing main.o(.data), (4 bytes).
    Removing system_stm32f10x.o(i.SystemCoreClockUpdate), (164 bytes).
    Removing system_stm32f10x.o(.data), (20 bytes).
    Removing oled.o(i.OLED_Display_Off), (28 bytes).
    Removing oled.o(i.OLED_Display_On), (28 bytes).
    Removing oled.o(i.OLED_DrawBMP), (118 bytes).
    Removing oled.o(i.OLED_ShowCHinese), (104 bytes).
    Removing oled.o(i.OLED_ShowChar), (112 bytes).
    Removing oled.o(i.OLED_ShowNum), (132 bytes).
    Removing oled.o(i.OLED_ShowString), (54 bytes).
    Removing oled.o(i.oled_pow), (22 bytes).
    Removing oled.o(i.show), (48 bytes).
    Removing oled.o(.data), (4 bytes).
    Removing oled_bmp.o(.data), (2048 bytes).
    Removing oled_font.o(.constdata), (2072 bytes).
    Removing oled_font.o(.data), (1984 bytes).
    Removing delay.o(i.DELAY_nms), (28 bytes).
    Removing delay.o(i.delay_us), (76 bytes).
    Removing mui.o(i.mui_Draw), (20 bytes).
    Removing mui.o(i.mui_EnterForm), (96 bytes).
    Removing mui.o(i.mui_GetCurrentCursorFocusPosition), (28 bytes).
    Removing mui.o(i.mui_GetCurrentFormId), (32 bytes).
    Removing mui.o(i.mui_GetSelectableFieldOptionCnt), (36 bytes).
    Removing mui.o(i.mui_GetSelectableFieldTextOption), (40 bytes).
    Removing mui.o(i.mui_GotoForm), (42 bytes).
    Removing mui.o(i.mui_GotoFormAutoCursorPosition), (44 bytes).
    Removing mui.o(i.mui_Init), (38 bytes).
    Removing mui.o(i.mui_LeaveForm), (52 bytes).
    Removing mui.o(i.mui_NextField), (46 bytes).
    Removing mui.o(i.mui_PrevField), (76 bytes).
    Removing mui.o(i.mui_RestoreForm), (20 bytes).
    Removing mui.o(i.mui_SaveCursorPosition), (80 bytes).
    Removing mui.o(i.mui_SaveForm), (48 bytes).
    Removing mui.o(i.mui_SendSelect), (14 bytes).
    Removing mui.o(i.mui_SendSelectWithExecuteOnSelectFieldSearch), (60 bytes).
    Removing mui.o(i.mui_SendValueDecrement), (14 bytes).
    Removing mui.o(i.mui_SendValueIncrement), (14 bytes).
    Removing mui.o(i.mui_fds_first_token), (44 bytes).
    Removing mui.o(i.mui_fds_get_cmd_size), (74 bytes).
    Removing mui.o(i.mui_fds_get_cmd_size_without_text), (120 bytes).
    Removing mui.o(i.mui_fds_get_nth_token), (40 bytes).
    Removing mui.o(i.mui_fds_get_token_cnt), (34 bytes).
    Removing mui.o(i.mui_fds_next_token), (86 bytes).
    Removing mui.o(i.mui_fds_parse_text), (92 bytes).
    Removing mui.o(i.mui_find_form), (62 bytes).
    Removing mui.o(i.mui_find_uif), (58 bytes).
    Removing mui.o(i.mui_get_fds_char), (6 bytes).
    Removing mui.o(i.mui_inner_loop_over_form), (68 bytes).
    Removing mui.o(i.mui_loop_over_form), (42 bytes).
    Removing mui.o(i.mui_next_field), (44 bytes).
    Removing mui.o(i.mui_prepare_current_field), (380 bytes).
    Removing mui.o(i.mui_send_cursor_enter_msg), (20 bytes).
    Removing mui.o(i.mui_send_cursor_msg), (38 bytes).
    Removing mui.o(i.mui_task_draw), (18 bytes).
    Removing mui.o(i.mui_task_find_execute_on_select_field), (24 bytes).
    Removing mui.o(i.mui_task_find_first_cursor_uif), (24 bytes).
    Removing mui.o(i.mui_task_find_last_cursor_uif), (20 bytes).
    Removing mui.o(i.mui_task_find_next_cursor_uif), (44 bytes).
    Removing mui.o(i.mui_task_find_prev_cursor_uif), (36 bytes).
    Removing mui.o(i.mui_task_form_end), (18 bytes).
    Removing mui.o(i.mui_task_form_start), (18 bytes).
    Removing mui.o(i.mui_task_get_current_cursor_focus_position), (38 bytes).
    Removing mui.o(i.mui_task_read_nth_selectable_field), (36 bytes).
    Removing mui.o(i.mui_uif_is_cursor_selectable), (20 bytes).
    Removing mui_u8g2.o(i.mui_get_U8g2), (6 bytes).
    Removing mui_u8g2.o(i.mui_get_x), (36 bytes).
    Removing mui_u8g2.o(i.mui_get_y), (8 bytes).
    Removing mui_u8g2.o(i.mui_is_valid_char), (50 bytes).
    Removing mui_u8g2.o(i.mui_u8g2_btn_exit_wm_fi), (104 bytes).
    Removing mui_u8g2.o(i.mui_u8g2_btn_goto_w1_fi), (116 bytes).
    Removing mui_u8g2.o(i.mui_u8g2_btn_goto_w1_pi), (112 bytes).
    Removing mui_u8g2.o(i.mui_u8g2_btn_goto_w2_fi), (118 bytes).
    Removing mui_u8g2.o(i.mui_u8g2_btn_goto_w2_if), (118 bytes).
    Removing mui_u8g2.o(i.mui_u8g2_btn_goto_wm_fi), (94 bytes).
    Removing mui_u8g2.o(i.mui_u8g2_btn_goto_wm_if), (94 bytes).
    Removing mui_u8g2.o(i.mui_u8g2_draw_button_fi), (42 bytes).
    Removing mui_u8g2.o(i.mui_u8g2_draw_button_if), (42 bytes).
    Removing mui_u8g2.o(i.mui_u8g2_draw_button_pf), (42 bytes).
    Removing mui_u8g2.o(i.mui_u8g2_draw_button_pi), (42 bytes).
    Removing mui_u8g2.o(i.mui_u8g2_draw_button_utf), (72 bytes).
    Removing mui_u8g2.o(i.mui_u8g2_draw_text), (92 bytes).
    Removing mui_u8g2.o(i.mui_u8g2_get_fi_flags), (28 bytes).
    Removing mui_u8g2.o(i.mui_u8g2_get_if_flags), (42 bytes).
    Removing mui_u8g2.o(i.mui_u8g2_get_pf_flags), (30 bytes).
    Removing mui_u8g2.o(i.mui_u8g2_get_pi_flags), (30 bytes).
    Removing mui_u8g2.o(i.mui_u8g2_goto_data), (48 bytes).
    Removing mui_u8g2.o(i.mui_u8g2_goto_form_w1_mse_pf), (166 bytes).
    Removing mui_u8g2.o(i.mui_u8g2_goto_form_w1_mse_pi), (162 bytes).
    Removing mui_u8g2.o(i.mui_u8g2_handle_scroll_next_prev_events), (136 bytes).
    Removing mui_u8g2.o(i.mui_u8g2_set_font_style_function), (32 bytes).
    Removing mui_u8g2.o(i.mui_u8g2_u16_list_child_mse_common), (154 bytes).
    Removing mui_u8g2.o(i.mui_u8g2_u16_list_child_w1_mse_pi), (204 bytes).
    Removing mui_u8g2.o(i.mui_u8g2_u16_list_goto_w1_mse_pi), (182 bytes).
    Removing mui_u8g2.o(i.mui_u8g2_u16_list_line_wa_mse_pi), (138 bytes).
    Removing mui_u8g2.o(i.mui_u8g2_u16_list_line_wa_mud_pi), (174 bytes).
    Removing mui_u8g2.o(i.mui_u8g2_u16_list_parent_wm_mse_pi), (108 bytes).
    Removing mui_u8g2.o(i.mui_u8g2_u8_bar_draw_wm), (356 bytes).
    Removing mui_u8g2.o(i.mui_u8g2_u8_bar_wm_mse_pf), (130 bytes).
    Removing mui_u8g2.o(i.mui_u8g2_u8_bar_wm_mse_pi), (130 bytes).
    Removing mui_u8g2.o(i.mui_u8g2_u8_bar_wm_mud_pf), (176 bytes).
    Removing mui_u8g2.o(i.mui_u8g2_u8_bar_wm_mud_pi), (176 bytes).
    Removing mui_u8g2.o(i.mui_u8g2_u8_char_wm_mud_pi), (192 bytes).
    Removing mui_u8g2.o(i.mui_u8g2_u8_chkbox_wm_pi), (292 bytes).
    Removing mui_u8g2.o(i.mui_u8g2_u8_min_max_wm_mse_pf), (110 bytes).
    Removing mui_u8g2.o(i.mui_u8g2_u8_min_max_wm_mse_pi), (110 bytes).
    Removing mui_u8g2.o(i.mui_u8g2_u8_min_max_wm_mud_pf), (152 bytes).
    Removing mui_u8g2.o(i.mui_u8g2_u8_min_max_wm_mud_pi), (152 bytes).
    Removing mui_u8g2.o(i.mui_u8g2_u8_opt_child_mse_common), (138 bytes).
    Removing mui_u8g2.o(i.mui_u8g2_u8_opt_child_wm_mse_pi), (128 bytes).
    Removing mui_u8g2.o(i.mui_u8g2_u8_opt_line_wa_mse_pf), (138 bytes).
    Removing mui_u8g2.o(i.mui_u8g2_u8_opt_line_wa_mse_pi), (138 bytes).
    Removing mui_u8g2.o(i.mui_u8g2_u8_opt_line_wa_mud_pf), (174 bytes).
    Removing mui_u8g2.o(i.mui_u8g2_u8_opt_line_wa_mud_pi), (174 bytes).
    Removing mui_u8g2.o(i.mui_u8g2_u8_opt_parent_wm_mse_pi), (110 bytes).
    Removing mui_u8g2.o(i.mui_u8g2_u8_opt_radio_child_w1_mse_pi), (190 bytes).
    Removing mui_u8g2.o(i.mui_u8g2_u8_opt_radio_child_wm_mse_pi), (208 bytes).
    Removing mui_u8g2.o(i.mui_u8g2_u8_radio_wm_pi), (284 bytes).
    Removing mui_u8g2.o(i.mui_u8g2_u8_vmm_draw_wm_pf), (132 bytes).
    Removing mui_u8g2.o(i.mui_u8g2_u8_vmm_draw_wm_pi), (132 bytes).
    Removing mui_u8g2.o(i.u8g2_DrawCheckbox), (66 bytes).
    Removing mui_u8g2.o(i.u8g2_DrawValueMark), (28 bytes).
    Removing u8g2_bitmap.o(i.u8g2_DrawBitmap), (90 bytes).
    Removing u8g2_bitmap.o(i.u8g2_DrawHXBM), (154 bytes).
    Removing u8g2_bitmap.o(i.u8g2_DrawHXBMP), (154 bytes).
    Removing u8g2_bitmap.o(i.u8g2_DrawHorizontalBitmap), (152 bytes).
    Removing u8g2_bitmap.o(i.u8g2_DrawXBM), (88 bytes).
    Removing u8g2_bitmap.o(i.u8g2_DrawXBMP), (88 bytes).
    Removing u8g2_bitmap.o(i.u8g2_SetBitmapMode), (6 bytes).
    Removing u8g2_box.o(i.u8g2_DrawBox), (74 bytes).
    Removing u8g2_box.o(i.u8g2_DrawFrame), (138 bytes).
    Removing u8g2_box.o(i.u8g2_DrawRBox), (318 bytes).
    Removing u8g2_box.o(i.u8g2_DrawRFrame), (332 bytes).
    Removing u8g2_buffer.o(i.u8g2_SendBuffer), (18 bytes).
    Removing u8g2_buffer.o(i.u8g2_UpdateDisplay), (12 bytes).
    Removing u8g2_buffer.o(i.u8g2_UpdateDisplayArea), (86 bytes).
    Removing u8g2_buffer.o(i.u8g2_WriteBufferPBM), (44 bytes).
    Removing u8g2_buffer.o(i.u8g2_WriteBufferPBM2), (44 bytes).
    Removing u8g2_buffer.o(i.u8g2_WriteBufferXBM), (44 bytes).
    Removing u8g2_buffer.o(i.u8g2_WriteBufferXBM2), (44 bytes).
    Removing u8g2_button.o(i.u8g2_DrawButtonFrame), (348 bytes).
    Removing u8g2_button.o(i.u8g2_DrawButtonUTF8), (124 bytes).
    Removing u8g2_circle.o(i.u8g2_DrawCircle), (70 bytes).
    Removing u8g2_circle.o(i.u8g2_DrawDisc), (70 bytes).
    Removing u8g2_circle.o(i.u8g2_DrawEllipse), (70 bytes).
    Removing u8g2_circle.o(i.u8g2_DrawFilledEllipse), (70 bytes).
    Removing u8g2_circle.o(i.u8g2_draw_circle), (128 bytes).
    Removing u8g2_circle.o(i.u8g2_draw_circle_section), (156 bytes).
    Removing u8g2_circle.o(i.u8g2_draw_disc), (128 bytes).
    Removing u8g2_circle.o(i.u8g2_draw_disc_section), (180 bytes).
    Removing u8g2_circle.o(i.u8g2_draw_ellipse), (294 bytes).
    Removing u8g2_circle.o(i.u8g2_draw_ellipse_section), (100 bytes).
    Removing u8g2_circle.o(i.u8g2_draw_filled_ellipse), (294 bytes).
    Removing u8g2_circle.o(i.u8g2_draw_filled_ellipse_section), (116 bytes).
    Removing u8g2_cleardisplay.o(i.u8g2_ClearDisplay), (32 bytes).
    Removing u8g2_font.o(i.u8g2_DrawExtUTF8), (180 bytes).
    Removing u8g2_font.o(i.u8g2_DrawExtendedUTF8), (188 bytes).
    Removing u8g2_font.o(i.u8g2_DrawStr), (36 bytes).
    Removing u8g2_font.o(i.u8g2_GetFontBBXHeight), (8 bytes).
    Removing u8g2_font.o(i.u8g2_GetFontBBXOffX), (8 bytes).
    Removing u8g2_font.o(i.u8g2_GetFontBBXOffY), (8 bytes).
    Removing u8g2_font.o(i.u8g2_GetFontBBXWidth), (8 bytes).
    Removing u8g2_font.o(i.u8g2_GetFontCapitalAHeight), (8 bytes).
    Removing u8g2_font.o(i.u8g2_GetFontSize), (70 bytes).
    Removing u8g2_font.o(i.u8g2_GetGlyphHorizontalProperties), (92 bytes).
    Removing u8g2_font.o(i.u8g2_GetGlyphWidth), (72 bytes).
    Removing u8g2_font.o(i.u8g2_GetStrWidth), (24 bytes).
    Removing u8g2_font.o(i.u8g2_GetStrX), (34 bytes).
    Removing u8g2_font.o(i.u8g2_GetUTF8Width), (24 bytes).
    Removing u8g2_font.o(i.u8g2_IsAllValidUTF8), (24 bytes).
    Removing u8g2_font.o(i.u8g2_IsGlyph), (24 bytes).
    Removing u8g2_font.o(i.u8g2_SetFontPosBottom), (12 bytes).
    Removing u8g2_font.o(i.u8g2_SetFontPosCenter), (12 bytes).
    Removing u8g2_font.o(i.u8g2_SetFontPosTop), (12 bytes).
    Removing u8g2_font.o(i.u8g2_SetFontRefHeightAll), (18 bytes).
    Removing u8g2_font.o(i.u8g2_SetFontRefHeightExtendedText), (18 bytes).
    Removing u8g2_font.o(i.u8g2_SetFontRefHeightText), (18 bytes).
    Removing u8g2_font.o(i.u8g2_font_calc_vref_bottom), (10 bytes).
    Removing u8g2_font.o(i.u8g2_font_calc_vref_center), (32 bytes).
    Removing u8g2_font.o(i.u8g2_font_calc_vref_top), (14 bytes).
    Removing u8g2_font.o(i.u8g2_is_all_valid), (64 bytes).
    Removing u8g2_font.o(i.u8g2_string_width), (138 bytes).
    Removing u8g2_hvline.o(i.u8g2_DrawHLine), (28 bytes).
    Removing u8g2_hvline.o(i.u8g2_DrawPixel), (68 bytes).
    Removing u8g2_hvline.o(i.u8g2_DrawVLine), (28 bytes).
    Removing u8g2_hvline.o(i.u8g2_SetDrawColor), (16 bytes).
    Removing u8g2_input_value.o(i.u8g2_UserInterfaceInputValue), (392 bytes).
    Removing u8g2_kerning.o(i.u8g2_GetKerning), (112 bytes).
    Removing u8g2_kerning.o(i.u8g2_GetKerningByTable), (68 bytes).
    Removing u8g2_line.o(i.u8g2_DrawLine), (216 bytes).
    Removing u8g2_ll_hvline.o(i.u8g2_ll_hvline_horizontal_right_lsb), (190 bytes).
    Removing u8g2_message.o(i.u8g2_UserInterfaceMessage), (368 bytes).
    Removing u8g2_message.o(i.u8g2_draw_button_line), (190 bytes).
    Removing u8g2_polygon.o(i.pg_AddPolygonXY), (28 bytes).
    Removing u8g2_polygon.o(i.pg_ClearPolygonXY), (6 bytes).
    Removing u8g2_polygon.o(i.pg_DrawPolygon), (28 bytes).
    Removing u8g2_polygon.o(i.pg_dec), (22 bytes).
    Removing u8g2_polygon.o(i.pg_exec), (110 bytes).
    Removing u8g2_polygon.o(i.pg_expand_min_y), (84 bytes).
    Removing u8g2_polygon.o(i.pg_hline), (154 bytes).
    Removing u8g2_polygon.o(i.pg_inc), (18 bytes).
    Removing u8g2_polygon.o(i.pg_line_init), (78 bytes).
    Removing u8g2_polygon.o(i.pg_prepare), (192 bytes).
    Removing u8g2_polygon.o(i.pge_Init), (90 bytes).
    Removing u8g2_polygon.o(i.pge_Next), (78 bytes).
    Removing u8g2_polygon.o(i.u8g2_AddPolygonXY), (24 bytes).
    Removing u8g2_polygon.o(i.u8g2_ClearPolygonXY), (16 bytes).
    Removing u8g2_polygon.o(i.u8g2_DrawPolygon), (20 bytes).
    Removing u8g2_polygon.o(i.u8g2_DrawTriangle), (64 bytes).
    Removing u8g2_polygon.o(.bss), (76 bytes).
    Removing u8g2_selection_list.o(i.u8g2_DrawSelectionList), (52 bytes).
    Removing u8g2_selection_list.o(i.u8g2_DrawUTF8Line), (232 bytes).
    Removing u8g2_selection_list.o(i.u8g2_DrawUTF8Lines), (88 bytes).
    Removing u8g2_selection_list.o(i.u8g2_UserInterfaceSelectionList), (352 bytes).
    Removing u8g2_selection_list.o(i.u8g2_draw_selection_list_line), (96 bytes).
    Removing u8g2_setup.o(i.u8g2_SendF), (30 bytes).
    Removing u8g2_setup.o(i.u8g2_SetClipWindow), (42 bytes).
    Removing u8g2_setup.o(i.u8g2_SetDisplayRotation), (26 bytes).
    Removing u8g2_setup.o(i.u8g2_Setup_null), (56 bytes).
    Removing u8g2_setup.o(.data), (8 bytes).
    Removing u8log.o(i.u8log_Init), (36 bytes).
    Removing u8log.o(i.u8log_SetCallback), (6 bytes).
    Removing u8log.o(i.u8log_SetLineHeightOffset), (4 bytes).
    Removing u8log.o(i.u8log_SetRedrawMode), (4 bytes).
    Removing u8log.o(i.u8log_WriteChar), (40 bytes).
    Removing u8log.o(i.u8log_WriteDec16), (32 bytes).
    Removing u8log.o(i.u8log_WriteDec8), (32 bytes).
    Removing u8log.o(i.u8log_WriteHex16), (24 bytes).
    Removing u8log.o(i.u8log_WriteHex32), (24 bytes).
    Removing u8log.o(i.u8log_WriteHex8), (24 bytes).
    Removing u8log.o(i.u8log_WriteHexHalfByte), (42 bytes).
    Removing u8log.o(i.u8log_WriteString), (26 bytes).
    Removing u8log.o(i.u8log_clear_screen), (26 bytes).
    Removing u8log.o(i.u8log_cursor_on_screen), (46 bytes).
    Removing u8log.o(i.u8log_scroll_up), (72 bytes).
    Removing u8log.o(i.u8log_write_char), (114 bytes).
    Removing u8log.o(i.u8log_write_to_screen), (46 bytes).
    Removing u8log_u8g2.o(i.u8g2_DrawLog), (114 bytes).
    Removing u8log_u8g2.o(i.u8log_u8g2_cb), (50 bytes).
    Removing u8log_u8x8.o(i.u8log_u8x8_cb), (44 bytes).
    Removing u8log_u8x8.o(i.u8x8_DrawLog), (48 bytes).
    Removing u8log_u8x8.o(i.u8x8_DrawLogLine), (60 bytes).
    Removing u8x8_8x8.o(i.u8x8_Draw1x2Glyph), (96 bytes).
    Removing u8x8_8x8.o(i.u8x8_Draw1x2String), (36 bytes).
    Removing u8x8_8x8.o(i.u8x8_Draw1x2UTF8), (36 bytes).
    Removing u8x8_8x8.o(i.u8x8_Draw2x2Glyph), (104 bytes).
    Removing u8x8_8x8.o(i.u8x8_Draw2x2String), (36 bytes).
    Removing u8x8_8x8.o(i.u8x8_Draw2x2UTF8), (36 bytes).
    Removing u8x8_8x8.o(i.u8x8_DrawGlyph), (106 bytes).
    Removing u8x8_8x8.o(i.u8x8_DrawString), (36 bytes).
    Removing u8x8_8x8.o(i.u8x8_DrawUTF8), (36 bytes).
    Removing u8x8_8x8.o(i.u8x8_GetUTF8Len), (58 bytes).
    Removing u8x8_8x8.o(i.u8x8_SetFont), (4 bytes).
    Removing u8x8_8x8.o(i.u8x8_ascii_next), (18 bytes).
    Removing u8x8_8x8.o(i.u8x8_draw_1x2_string), (96 bytes).
    Removing u8x8_8x8.o(i.u8x8_draw_1x2_subglyph), (102 bytes).
    Removing u8x8_8x8.o(i.u8x8_draw_2x2_string), (104 bytes).
    Removing u8x8_8x8.o(i.u8x8_draw_2x2_subglyph), (172 bytes).
    Removing u8x8_8x8.o(i.u8x8_draw_string), (96 bytes).
    Removing u8x8_8x8.o(i.u8x8_get_glyph_data), (202 bytes).
    Removing u8x8_8x8.o(i.u8x8_upscale_buf), (28 bytes).
    Removing u8x8_8x8.o(i.u8x8_upscale_byte), (42 bytes).
    Removing u8x8_byte.o(i.i2c_clear_scl), (16 bytes).
    Removing u8x8_byte.o(i.i2c_clear_sda), (16 bytes).
    Removing u8x8_byte.o(i.i2c_delay), (18 bytes).
    Removing u8x8_byte.o(i.i2c_init), (32 bytes).
    Removing u8x8_byte.o(i.i2c_read_bit), (42 bytes).
    Removing u8x8_byte.o(i.i2c_read_scl_and_delay), (22 bytes).
    Removing u8x8_byte.o(i.i2c_read_sda), (16 bytes).
    Removing u8x8_byte.o(i.i2c_start), (60 bytes).
    Removing u8x8_byte.o(i.i2c_stop), (42 bytes).
    Removing u8x8_byte.o(i.i2c_write_bit), (42 bytes).
    Removing u8x8_byte.o(i.i2c_write_byte), (94 bytes).
    Removing u8x8_byte.o(i.u8x8_byte_3wire_sw_spi), (304 bytes).
    Removing u8x8_byte.o(i.u8x8_byte_8bit_6800mode), (248 bytes).
    Removing u8x8_byte.o(i.u8x8_byte_8bit_8080mode), (248 bytes).
    Removing u8x8_byte.o(i.u8x8_byte_EndTransfer), (18 bytes).
    Removing u8x8_byte.o(i.u8x8_byte_StartTransfer), (18 bytes).
    Removing u8x8_byte.o(i.u8x8_byte_empty), (46 bytes).
    Removing u8x8_byte.o(i.u8x8_byte_ks0108), (240 bytes).
    Removing u8x8_byte.o(i.u8x8_byte_sed1520), (240 bytes).
    Removing u8x8_byte.o(i.u8x8_byte_set_ks0108_cs), (48 bytes).
    Removing u8x8_byte.o(i.u8x8_byte_sw_i2c), (110 bytes).
    Removing u8x8_byte.o(.data), (2 bytes).
    Removing u8x8_cad.o(i.u8x8_SendF), (30 bytes).
    Removing u8x8_cad.o(i.u8x8_cad_011), (108 bytes).
    Removing u8x8_cad.o(i.u8x8_cad_100), (108 bytes).
    Removing u8x8_cad.o(i.u8x8_cad_110), (108 bytes).
    Removing u8x8_cad.o(i.u8x8_cad_SendMultipleArg), (38 bytes).
    Removing u8x8_cad.o(i.u8x8_cad_empty), (84 bytes).
    Removing u8x8_cad.o(i.u8x8_cad_ld7032_i2c), (208 bytes).
    Removing u8x8_cad.o(i.u8x8_cad_ssd13xx_fast_i2c), (212 bytes).
    Removing u8x8_cad.o(i.u8x8_cad_ssd13xx_i2c), (146 bytes).
    Removing u8x8_cad.o(i.u8x8_cad_st75256_i2c), (174 bytes).
    Removing u8x8_cad.o(i.u8x8_cad_st7920_spi), (288 bytes).
    Removing u8x8_cad.o(i.u8x8_cad_uc1638_i2c), (396 bytes).
    Removing u8x8_cad.o(i.u8x8_cad_uc16xx_i2c), (308 bytes).
    Removing u8x8_cad.o(i.u8x8_cad_vsendf), (100 bytes).
    Removing u8x8_cad.o(i.u8x8_gu800_cad_110), (166 bytes).
    Removing u8x8_cad.o(i.u8x8_i2c_data_transfer), (46 bytes).
    Removing u8x8_cad.o(.bss), (16 bytes).
    Removing u8x8_cad.o(.data), (6 bytes).
    Removing u8x8_capture.o(i.u8x8_capture_get_pixel_1), (44 bytes).
    Removing u8x8_capture.o(i.u8x8_capture_get_pixel_2), (38 bytes).
    Removing u8x8_capture.o(i.u8x8_capture_write_pbm_buffer), (100 bytes).
    Removing u8x8_capture.o(i.u8x8_capture_write_pbm_pre), (56 bytes).
    Removing u8x8_capture.o(i.u8x8_capture_write_xbm_buffer), (268 bytes).
    Removing u8x8_capture.o(i.u8x8_capture_write_xbm_pre), (140 bytes).
    Removing u8x8_d_ssd1306_128x64_noname.o(i.u8x8_d_sh1106_128x64_noname), (84 bytes).
    Removing u8x8_d_ssd1306_128x64_noname.o(i.u8x8_d_sh1106_128x64_vcomh0), (84 bytes).
    Removing u8x8_d_ssd1306_128x64_noname.o(i.u8x8_d_sh1106_128x64_winstar), (84 bytes).
    Removing u8x8_d_ssd1306_128x64_noname.o(i.u8x8_d_ssd1306_128x64_alt0), (84 bytes).
    Removing u8x8_d_ssd1306_128x64_noname.o(i.u8x8_d_ssd1306_128x64_vcomh0), (84 bytes).
    Removing u8x8_debounce.o(i.u8x8_GetMenuEvent), (150 bytes).
    Removing u8x8_debounce.o(i.u8x8_find_first_diff), (44 bytes).
    Removing u8x8_debounce.o(i.u8x8_read_pin_state), (56 bytes).
    Removing u8x8_display.o(i.u8x8_ClearDisplay), (20 bytes).
    Removing u8x8_display.o(i.u8x8_ClearDisplayWithTile), (72 bytes).
    Removing u8x8_display.o(i.u8x8_ClearLine), (56 bytes).
    Removing u8x8_display.o(i.u8x8_FillDisplay), (32 bytes).
    Removing u8x8_display.o(i.u8x8_InitInterface), (30 bytes).
    Removing u8x8_display.o(i.u8x8_SetContrast), (20 bytes).
    Removing u8x8_display.o(i.u8x8_SetFlipMode), (20 bytes).
    Removing u8x8_fonts.o(.constdata), (487478 bytes).
    Removing u8x8_input_value.o(i.u8x8_UserInterfaceInputValue), (372 bytes).
    Removing u8x8_message.o(i.u8x8_UserInterfaceMessage), (298 bytes).
    Removing u8x8_message.o(i.u8x8_draw_button_line), (188 bytes).
    Removing u8x8_selection_list.o(i.u8sl_Next), (48 bytes).
    Removing u8x8_selection_list.o(i.u8sl_Prev), (52 bytes).
    Removing u8x8_selection_list.o(i.u8x8_DrawSelectionList), (44 bytes).
    Removing u8x8_selection_list.o(i.u8x8_UserInterfaceSelectionList), (244 bytes).
    Removing u8x8_selection_list.o(i.u8x8_sl_string_line_cb), (100 bytes).
    Removing u8x8_setup.o(i.u8x8_d_null_cb), (52 bytes).
    Removing u8x8_setup.o(.constdata), (24 bytes).
    Removing u8x8_string.o(i.u8x8_CopyStringLine), (58 bytes).
    Removing u8x8_string.o(i.u8x8_DrawUTF8Line), (136 bytes).
    Removing u8x8_string.o(i.u8x8_DrawUTF8Lines), (68 bytes).
    Removing u8x8_string.o(i.u8x8_GetStringLineCnt), (36 bytes).
    Removing u8x8_string.o(i.u8x8_GetStringLineStart), (46 bytes).
    Removing u8x8_u8toa.o(i.u8x8_u8toa), (28 bytes).
    Removing u8x8_u8toa.o(i.u8x8_u8toap), (48 bytes).
    Removing u8x8_u8toa.o(.constdata), (3 bytes).
    Removing u8x8_u8toa.o(.data), (4 bytes).
    Removing u8x8_u16toa.o(i.u8x8_u16toa), (28 bytes).
    Removing u8x8_u16toa.o(i.u8x8_u16toap), (50 bytes).
    Removing u8x8_u16toa.o(i.u8x8_utoa), (34 bytes).
    Removing u8x8_u16toa.o(.data), (6 bytes).

815 unused section(s) (total 542339 bytes) removed from the image.

==============================================================================

Image Symbol Table

    Local Symbols

    Symbol Name                              Value     Ov Type        Size  Object(Section)

    ../clib/microlib/init/entry.s            0x00000000   Number         0  entry11a.o ABSOLUTE
    ../clib/microlib/init/entry.s            0x00000000   Number         0  entry.o ABSOLUTE
    ../clib/microlib/init/entry.s            0x00000000   Number         0  entry9a.o ABSOLUTE
    ../clib/microlib/init/entry.s            0x00000000   Number         0  entry8b.o ABSOLUTE
    ../clib/microlib/init/entry.s            0x00000000   Number         0  entry11b.o ABSOLUTE
    ../clib/microlib/init/entry.s            0x00000000   Number         0  entry8a.o ABSOLUTE
    ../clib/microlib/init/entry.s            0x00000000   Number         0  entry7b.o ABSOLUTE
    ../clib/microlib/init/entry.s            0x00000000   Number         0  entry7a.o ABSOLUTE
    ../clib/microlib/init/entry.s            0x00000000   Number         0  entry5.o ABSOLUTE
    ../clib/microlib/init/entry.s            0x00000000   Number         0  entry10b.o ABSOLUTE
    ../clib/microlib/init/entry.s            0x00000000   Number         0  entry2.o ABSOLUTE
    ../clib/microlib/init/entry.s            0x00000000   Number         0  entry10a.o ABSOLUTE
    ../clib/microlib/init/entry.s            0x00000000   Number         0  entry9b.o ABSOLUTE
    ../clib/microlib/string/memset.c         0x00000000   Number         0  memseta.o ABSOLUTE
    ..\CORE\startup_stm32f10x_hd.s           0x00000000   Number         0  startup_stm32f10x_hd.o ABSOLUTE
    ..\HARDWARE\oled\oled.c                  0x00000000   Number         0  oled.o ABSOLUTE
    ..\HARDWARE\oled\oled_bmp.c              0x00000000   Number         0  oled_bmp.o ABSOLUTE
    ..\HARDWARE\oled\oled_font.c             0x00000000   Number         0  oled_font.o ABSOLUTE
    ..\LIB\src\misc.c                        0x00000000   Number         0  misc.o ABSOLUTE
    ..\LIB\src\stm32f10x_adc.c               0x00000000   Number         0  stm32f10x_adc.o ABSOLUTE
    ..\LIB\src\stm32f10x_bkp.c               0x00000000   Number         0  stm32f10x_bkp.o ABSOLUTE
    ..\LIB\src\stm32f10x_can.c               0x00000000   Number         0  stm32f10x_can.o ABSOLUTE
    ..\LIB\src\stm32f10x_cec.c               0x00000000   Number         0  stm32f10x_cec.o ABSOLUTE
    ..\LIB\src\stm32f10x_crc.c               0x00000000   Number         0  stm32f10x_crc.o ABSOLUTE
    ..\LIB\src\stm32f10x_dac.c               0x00000000   Number         0  stm32f10x_dac.o ABSOLUTE
    ..\LIB\src\stm32f10x_dbgmcu.c            0x00000000   Number         0  stm32f10x_dbgmcu.o ABSOLUTE
    ..\LIB\src\stm32f10x_dma.c               0x00000000   Number         0  stm32f10x_dma.o ABSOLUTE
    ..\LIB\src\stm32f10x_exti.c              0x00000000   Number         0  stm32f10x_exti.o ABSOLUTE
    ..\LIB\src\stm32f10x_flash.c             0x00000000   Number         0  stm32f10x_flash.o ABSOLUTE
    ..\LIB\src\stm32f10x_fsmc.c              0x00000000   Number         0  stm32f10x_fsmc.o ABSOLUTE
    ..\LIB\src\stm32f10x_gpio.c              0x00000000   Number         0  stm32f10x_gpio.o ABSOLUTE
    ..\LIB\src\stm32f10x_i2c.c               0x00000000   Number         0  stm32f10x_i2c.o ABSOLUTE
    ..\LIB\src\stm32f10x_iwdg.c              0x00000000   Number         0  stm32f10x_iwdg.o ABSOLUTE
    ..\LIB\src\stm32f10x_pwr.c               0x00000000   Number         0  stm32f10x_pwr.o ABSOLUTE
    ..\LIB\src\stm32f10x_rcc.c               0x00000000   Number         0  stm32f10x_rcc.o ABSOLUTE
    ..\LIB\src\stm32f10x_rtc.c               0x00000000   Number         0  stm32f10x_rtc.o ABSOLUTE
    ..\LIB\src\stm32f10x_sdio.c              0x00000000   Number         0  stm32f10x_sdio.o ABSOLUTE
    ..\LIB\src\stm32f10x_spi.c               0x00000000   Number         0  stm32f10x_spi.o ABSOLUTE
    ..\LIB\src\stm32f10x_tim.c               0x00000000   Number         0  stm32f10x_tim.o ABSOLUTE
    ..\LIB\src\stm32f10x_usart.c             0x00000000   Number         0  stm32f10x_usart.o ABSOLUTE
    ..\LIB\src\stm32f10x_wwdg.c              0x00000000   Number         0  stm32f10x_wwdg.o ABSOLUTE
    ..\SYSTEM\delay\delay.c                  0x00000000   Number         0  delay.o ABSOLUTE
    ..\u8g2\src\mui.c                        0x00000000   Number         0  mui.o ABSOLUTE
    ..\u8g2\src\mui_u8g2.c                   0x00000000   Number         0  mui_u8g2.o ABSOLUTE
    ..\u8g2\src\u8g2_bitmap.c                0x00000000   Number         0  u8g2_bitmap.o ABSOLUTE
    ..\u8g2\src\u8g2_box.c                   0x00000000   Number         0  u8g2_box.o ABSOLUTE
    ..\u8g2\src\u8g2_buffer.c                0x00000000   Number         0  u8g2_buffer.o ABSOLUTE
    ..\u8g2\src\u8g2_button.c                0x00000000   Number         0  u8g2_button.o ABSOLUTE
    ..\u8g2\src\u8g2_circle.c                0x00000000   Number         0  u8g2_circle.o ABSOLUTE
    ..\u8g2\src\u8g2_cleardisplay.c          0x00000000   Number         0  u8g2_cleardisplay.o ABSOLUTE
    ..\u8g2\src\u8g2_d_memory.c              0x00000000   Number         0  u8g2_d_memory.o ABSOLUTE
    ..\u8g2\src\u8g2_d_setup.c               0x00000000   Number         0  u8g2_d_setup.o ABSOLUTE
    ..\u8g2\src\u8g2_font.c                  0x00000000   Number         0  u8g2_font.o ABSOLUTE
    ..\u8g2\src\u8g2_fonts.c                 0x00000000   Number         0  u8g2_fonts.o ABSOLUTE
    ..\u8g2\src\u8g2_hvline.c                0x00000000   Number         0  u8g2_hvline.o ABSOLUTE
    ..\u8g2\src\u8g2_input_value.c           0x00000000   Number         0  u8g2_input_value.o ABSOLUTE
    ..\u8g2\src\u8g2_intersection.c          0x00000000   Number         0  u8g2_intersection.o ABSOLUTE
    ..\u8g2\src\u8g2_kerning.c               0x00000000   Number         0  u8g2_kerning.o ABSOLUTE
    ..\u8g2\src\u8g2_line.c                  0x00000000   Number         0  u8g2_line.o ABSOLUTE
    ..\u8g2\src\u8g2_ll_hvline.c             0x00000000   Number         0  u8g2_ll_hvline.o ABSOLUTE
    ..\u8g2\src\u8g2_message.c               0x00000000   Number         0  u8g2_message.o ABSOLUTE
    ..\u8g2\src\u8g2_polygon.c               0x00000000   Number         0  u8g2_polygon.o ABSOLUTE
    ..\u8g2\src\u8g2_selection_list.c        0x00000000   Number         0  u8g2_selection_list.o ABSOLUTE
    ..\u8g2\src\u8g2_setup.c                 0x00000000   Number         0  u8g2_setup.o ABSOLUTE
    ..\u8g2\src\u8log.c                      0x00000000   Number         0  u8log.o ABSOLUTE
    ..\u8g2\src\u8log_u8g2.c                 0x00000000   Number         0  u8log_u8g2.o ABSOLUTE
    ..\u8g2\src\u8log_u8x8.c                 0x00000000   Number         0  u8log_u8x8.o ABSOLUTE
    ..\u8g2\src\u8x8_8x8.c                   0x00000000   Number         0  u8x8_8x8.o ABSOLUTE
    ..\u8g2\src\u8x8_byte.c                  0x00000000   Number         0  u8x8_byte.o ABSOLUTE
    ..\u8g2\src\u8x8_cad.c                   0x00000000   Number         0  u8x8_cad.o ABSOLUTE
    ..\u8g2\src\u8x8_capture.c               0x00000000   Number         0  u8x8_capture.o ABSOLUTE
    ..\u8g2\src\u8x8_d_ssd1306_128x64_noname.c 0x00000000   Number         0  u8x8_d_ssd1306_128x64_noname.o ABSOLUTE
    ..\u8g2\src\u8x8_debounce.c              0x00000000   Number         0  u8x8_debounce.o ABSOLUTE
    ..\u8g2\src\u8x8_display.c               0x00000000   Number         0  u8x8_display.o ABSOLUTE
    ..\u8g2\src\u8x8_fonts.c                 0x00000000   Number         0  u8x8_fonts.o ABSOLUTE
    ..\u8g2\src\u8x8_gpio.c                  0x00000000   Number         0  u8x8_gpio.o ABSOLUTE
    ..\u8g2\src\u8x8_input_value.c           0x00000000   Number         0  u8x8_input_value.o ABSOLUTE
    ..\u8g2\src\u8x8_message.c               0x00000000   Number         0  u8x8_message.o ABSOLUTE
    ..\u8g2\src\u8x8_selection_list.c        0x00000000   Number         0  u8x8_selection_list.o ABSOLUTE
    ..\u8g2\src\u8x8_setup.c                 0x00000000   Number         0  u8x8_setup.o ABSOLUTE
    ..\u8g2\src\u8x8_string.c                0x00000000   Number         0  u8x8_string.o ABSOLUTE
    ..\u8g2\src\u8x8_u16toa.c                0x00000000   Number         0  u8x8_u16toa.o ABSOLUTE
    ..\u8g2\src\u8x8_u8toa.c                 0x00000000   Number         0  u8x8_u8toa.o ABSOLUTE
    dc.s                                     0x00000000   Number         0  dc.o ABSOLUTE
    handlers.s                               0x00000000   Number         0  handlers.o ABSOLUTE
    init.s                                   0x00000000   Number         0  init.o ABSOLUTE
    main.c                                   0x00000000   Number         0  main.o ABSOLUTE
    stm32f10x_it.c                           0x00000000   Number         0  stm32f10x_it.o ABSOLUTE
    system_stm32f10x.c                       0x00000000   Number         0  system_stm32f10x.o ABSOLUTE
    RESET                                    0x08000000   Section      304  startup_stm32f10x_hd.o(RESET)
    .ARM.Collect$$$$00000000                 0x08000130   Section        0  entry.o(.ARM.Collect$$$$00000000)
    .ARM.Collect$$$$00000001                 0x08000130   Section        4  entry2.o(.ARM.Collect$$$$00000001)
    .ARM.Collect$$$$00000004                 0x08000134   Section        4  entry5.o(.ARM.Collect$$$$00000004)
    .ARM.Collect$$$$00000008                 0x08000138   Section        0  entry7b.o(.ARM.Collect$$$$00000008)
    .ARM.Collect$$$$0000000A                 0x08000138   Section        0  entry8b.o(.ARM.Collect$$$$0000000A)
    .ARM.Collect$$$$0000000B                 0x08000138   Section        8  entry9a.o(.ARM.Collect$$$$0000000B)
    .ARM.Collect$$$$0000000D                 0x08000140   Section        0  entry10a.o(.ARM.Collect$$$$0000000D)
    .ARM.Collect$$$$0000000F                 0x08000140   Section        0  entry11a.o(.ARM.Collect$$$$0000000F)
    .ARM.Collect$$$$00002712                 0x08000140   Section        4  entry2.o(.ARM.Collect$$$$00002712)
    __lit__00000000                          0x08000140   Data           4  entry2.o(.ARM.Collect$$$$00002712)
    .text                                    0x08000144   Section       36  startup_stm32f10x_hd.o(.text)
    .text                                    0x08000168   Section        0  memseta.o(.text)
    .text                                    0x0800018c   Section       36  init.o(.text)
    i.BusFault_Handler                       0x080001b0   Section        0  stm32f10x_it.o(i.BusFault_Handler)
    i.DebugMon_Handler                       0x080001b4   Section        0  stm32f10x_it.o(i.DebugMon_Handler)
    i.GPIO_Init                              0x080001b6   Section        0  stm32f10x_gpio.o(i.GPIO_Init)
    i.GPIO_ResetBits                         0x080002cc   Section        0  stm32f10x_gpio.o(i.GPIO_ResetBits)
    i.GPIO_SetBits                           0x080002d0   Section        0  stm32f10x_gpio.o(i.GPIO_SetBits)
    i.HardFault_Handler                      0x080002d4   Section        0  stm32f10x_it.o(i.HardFault_Handler)
    i.MemManage_Handler                      0x080002d8   Section        0  stm32f10x_it.o(i.MemManage_Handler)
    i.NMI_Handler                            0x080002dc   Section        0  stm32f10x_it.o(i.NMI_Handler)
    i.OLED_Clear                             0x080002de   Section        0  oled.o(i.OLED_Clear)
    i.OLED_Init                              0x08000320   Section        0  oled.o(i.OLED_Init)
    i.OLED_Set_Pos                           0x0800046c   Section        0  oled.o(i.OLED_Set_Pos)
    i.OLED_WR_Byte                           0x0800049c   Section        0  oled.o(i.OLED_WR_Byte)
    i.PendSV_Handler                         0x0800050c   Section        0  stm32f10x_it.o(i.PendSV_Handler)
    i.RCC_APB2PeriphClockCmd                 0x08000510   Section        0  stm32f10x_rcc.o(i.RCC_APB2PeriphClockCmd)
    i.SVC_Handler                            0x08000530   Section        0  stm32f10x_it.o(i.SVC_Handler)
    i.SetSysClock                            0x08000532   Section        0  system_stm32f10x.o(i.SetSysClock)
    SetSysClock                              0x08000533   Thumb Code     8  system_stm32f10x.o(i.SetSysClock)
    i.SetSysClockTo72                        0x0800053c   Section        0  system_stm32f10x.o(i.SetSysClockTo72)
    SetSysClockTo72                          0x0800053d   Thumb Code   214  system_stm32f10x.o(i.SetSysClockTo72)
    i.SysTick_CLKSourceConfig                0x0800061c   Section        0  misc.o(i.SysTick_CLKSourceConfig)
    i.SysTick_Handler                        0x08000644   Section        0  stm32f10x_it.o(i.SysTick_Handler)
    i.SysTick_Init                           0x08000648   Section        0  delay.o(i.SysTick_Init)
    i.SystemInit                             0x08000684   Section        0  system_stm32f10x.o(i.SystemInit)
    i.UsageFault_Handler                     0x080006e4   Section        0  stm32f10x_it.o(i.UsageFault_Handler)
    i.__scatterload_copy                     0x080006e8   Section       14  handlers.o(i.__scatterload_copy)
    i.__scatterload_null                     0x080006f6   Section        2  handlers.o(i.__scatterload_null)
    i.__scatterload_zeroinit                 0x080006f8   Section       14  handlers.o(i.__scatterload_zeroinit)
    i.delay_ms                               0x08000708   Section        0  delay.o(i.delay_ms)
    i.draw                                   0x08000754   Section        0  main.o(i.draw)
    i.main                                   0x0800078c   Section        0  main.o(i.main)
    i.u8g2_ClearBuffer                       0x080007d8   Section        0  u8g2_buffer.o(i.u8g2_ClearBuffer)
    i.u8g2_DrawGlyph                         0x080007f2   Section        0  u8g2_font.o(i.u8g2_DrawGlyph)
    i.u8g2_DrawHVLine                        0x08000854   Section        0  u8g2_hvline.o(i.u8g2_DrawHVLine)
    i.u8g2_DrawUTF8                          0x08000930   Section        0  u8g2_font.o(i.u8g2_DrawUTF8)
    i.u8g2_FirstPage                         0x08000954   Section        0  u8g2_buffer.o(i.u8g2_FirstPage)
    i.u8g2_IsIntersection                    0x0800096e   Section        0  u8g2_intersection.o(i.u8g2_IsIntersection)
    i.u8g2_NextPage                          0x080009a8   Section        0  u8g2_buffer.o(i.u8g2_NextPage)
    i.u8g2_SetBufferCurrTileRow              0x080009e8   Section        0  u8g2_buffer.o(i.u8g2_SetBufferCurrTileRow)
    i.u8g2_SetFont                           0x08000a04   Section        0  u8g2_font.o(i.u8g2_SetFont)
    i.u8g2_SetFontDirection                  0x08000a24   Section        0  u8g2_font.o(i.u8g2_SetFontDirection)
    i.u8g2_SetFontMode                       0x08000a2a   Section        0  u8g2_font.o(i.u8g2_SetFontMode)
    i.u8g2_SetFontPosBaseline                0x08000a30   Section        0  u8g2_font.o(i.u8g2_SetFontPosBaseline)
    i.u8g2_SetMaxClipWindow                  0x08000a3c   Section        0  u8g2_setup.o(i.u8g2_SetMaxClipWindow)
    i.u8g2_SetupBuffer                       0x08000a5c   Section        0  u8g2_setup.o(i.u8g2_SetupBuffer)
    i.u8g2_Setup_ssd1306_128x64_noname_1     0x08000ab4   Section        0  u8g2_d_setup.o(i.u8g2_Setup_ssd1306_128x64_noname_1)
    i.u8g2_UpdateRefHeight                   0x08000af8   Section        0  u8g2_font.o(i.u8g2_UpdateRefHeight)
    i.u8g2_add_vector_x                      0x08000b80   Section        0  u8g2_font.o(i.u8g2_add_vector_x)
    i.u8g2_add_vector_y                      0x08000baa   Section        0  u8g2_font.o(i.u8g2_add_vector_y)
    i.u8g2_apply_clip_window                 0x08000bd4   Section        0  u8g2_setup.o(i.u8g2_apply_clip_window)
    u8g2_apply_clip_window                   0x08000bd5   Thumb Code   122  u8g2_setup.o(i.u8g2_apply_clip_window)
    i.u8g2_clip_intersection2                0x08000c4e   Section        0  u8g2_hvline.o(i.u8g2_clip_intersection2)
    u8g2_clip_intersection2                  0x08000c4f   Thumb Code    76  u8g2_hvline.o(i.u8g2_clip_intersection2)
    i.u8g2_draw_hv_line_2dir                 0x08000c9a   Section        0  u8g2_hvline.o(i.u8g2_draw_hv_line_2dir)
    i.u8g2_draw_l90_mirrorr_r0               0x08000cc6   Section        0  u8g2_setup.o(i.u8g2_draw_l90_mirrorr_r0)
    i.u8g2_draw_l90_r0                       0x08000d02   Section        0  u8g2_setup.o(i.u8g2_draw_l90_r0)
    i.u8g2_draw_l90_r1                       0x08000d26   Section        0  u8g2_setup.o(i.u8g2_draw_l90_r1)
    i.u8g2_draw_l90_r2                       0x08000d6a   Section        0  u8g2_setup.o(i.u8g2_draw_l90_r2)
    i.u8g2_draw_l90_r3                       0x08000dc0   Section        0  u8g2_setup.o(i.u8g2_draw_l90_r3)
    i.u8g2_draw_mirror_vertical_r0           0x08000e10   Section        0  u8g2_setup.o(i.u8g2_draw_mirror_vertical_r0)
    i.u8g2_draw_string                       0x08000e4c   Section        0  u8g2_font.o(i.u8g2_draw_string)
    u8g2_draw_string                         0x08000e4d   Thumb Code   144  u8g2_font.o(i.u8g2_draw_string)
    i.u8g2_font_calc_vref_font               0x08000edc   Section        0  u8g2_font.o(i.u8g2_font_calc_vref_font)
    i.u8g2_font_decode_get_signed_bits       0x08000ee2   Section        0  u8g2_font.o(i.u8g2_font_decode_get_signed_bits)
    i.u8g2_font_decode_get_unsigned_bits     0x08000f06   Section        0  u8g2_font.o(i.u8g2_font_decode_get_unsigned_bits)
    i.u8g2_font_decode_glyph                 0x08000f48   Section        0  u8g2_font.o(i.u8g2_font_decode_glyph)
    i.u8g2_font_decode_len                   0x080010ca   Section        0  u8g2_font.o(i.u8g2_font_decode_len)
    i.u8g2_font_draw_glyph                   0x0800117a   Section        0  u8g2_font.o(i.u8g2_font_draw_glyph)
    u8g2_font_draw_glyph                     0x0800117b   Thumb Code    58  u8g2_font.o(i.u8g2_font_draw_glyph)
    i.u8g2_font_get_byte                     0x080011b4   Section        0  u8g2_font.o(i.u8g2_font_get_byte)
    u8g2_font_get_byte                       0x080011b5   Thumb Code     8  u8g2_font.o(i.u8g2_font_get_byte)
    i.u8g2_font_get_glyph_data               0x080011bc   Section        0  u8g2_font.o(i.u8g2_font_get_glyph_data)
    i.u8g2_font_get_word                     0x0800124e   Section        0  u8g2_font.o(i.u8g2_font_get_word)
    u8g2_font_get_word                       0x0800124f   Thumb Code    24  u8g2_font.o(i.u8g2_font_get_word)
    i.u8g2_font_setup_decode                 0x08001266   Section        0  u8g2_font.o(i.u8g2_font_setup_decode)
    u8g2_font_setup_decode                   0x08001267   Thumb Code    64  u8g2_font.o(i.u8g2_font_setup_decode)
    i.u8g2_is_intersection_decision_tree     0x080012a6   Section        0  u8g2_intersection.o(i.u8g2_is_intersection_decision_tree)
    i.u8g2_ll_hvline_vertical_top_lsb        0x080012d6   Section        0  u8g2_ll_hvline.o(i.u8g2_ll_hvline_vertical_top_lsb)
    i.u8g2_m_16_8_1                          0x080013c4   Section        0  u8g2_d_memory.o(i.u8g2_m_16_8_1)
    i.u8g2_read_font_info                    0x080013d4   Section        0  u8g2_font.o(i.u8g2_read_font_info)
    i.u8g2_send_buffer                       0x080014b4   Section        0  u8g2_buffer.o(i.u8g2_send_buffer)
    u8g2_send_buffer                         0x080014b5   Thumb Code    54  u8g2_buffer.o(i.u8g2_send_buffer)
    i.u8g2_send_tile_row                     0x080014ea   Section        0  u8g2_buffer.o(i.u8g2_send_tile_row)
    u8g2_send_tile_row                       0x080014eb   Thumb Code    54  u8g2_buffer.o(i.u8g2_send_tile_row)
    i.u8g2_update_dimension_common           0x08001520   Section        0  u8g2_setup.o(i.u8g2_update_dimension_common)
    u8g2_update_dimension_common             0x08001521   Thumb Code    96  u8g2_setup.o(i.u8g2_update_dimension_common)
    i.u8g2_update_dimension_r0               0x08001580   Section        0  u8g2_setup.o(i.u8g2_update_dimension_r0)
    i.u8g2_update_dimension_r1               0x0800158c   Section        0  u8g2_setup.o(i.u8g2_update_dimension_r1)
    i.u8g2_update_dimension_r2               0x080015a8   Section        0  u8g2_setup.o(i.u8g2_update_dimension_r2)
    i.u8g2_update_dimension_r3               0x080015b4   Section        0  u8g2_setup.o(i.u8g2_update_dimension_r3)
    i.u8g2_update_page_win_r0                0x080015d0   Section        0  u8g2_setup.o(i.u8g2_update_page_win_r0)
    i.u8g2_update_page_win_r1                0x080015f0   Section        0  u8g2_setup.o(i.u8g2_update_page_win_r1)
    i.u8g2_update_page_win_r2                0x08001610   Section        0  u8g2_setup.o(i.u8g2_update_page_win_r2)
    i.u8g2_update_page_win_r3                0x0800164c   Section        0  u8g2_setup.o(i.u8g2_update_page_win_r3)
    i.u8x8_DrawTile                          0x08001688   Section        0  u8x8_display.o(i.u8x8_DrawTile)
    i.u8x8_InitDisplay                       0x080016ba   Section        0  u8x8_display.o(i.u8x8_InitDisplay)
    i.u8x8_RefreshDisplay                    0x080016cc   Section        0  u8x8_display.o(i.u8x8_RefreshDisplay)
    i.u8x8_SetPowerSave                      0x080016de   Section        0  u8x8_display.o(i.u8x8_SetPowerSave)
    i.u8x8_Setup                             0x080016f2   Section        0  u8x8_setup.o(i.u8x8_Setup)
    i.u8x8_SetupDefaults                     0x0800171c   Section        0  u8x8_setup.o(i.u8x8_SetupDefaults)
    i.u8x8_SetupMemory                       0x08001748   Section        0  u8x8_display.o(i.u8x8_SetupMemory)
    i.u8x8_byte_4wire_sw_spi                 0x0800175a   Section        0  u8x8_byte.o(i.u8x8_byte_4wire_sw_spi)
    i.u8x8_byte_SendByte                     0x0800187a   Section        0  u8x8_byte.o(i.u8x8_byte_SendByte)
    i.u8x8_byte_SendBytes                    0x0800188a   Section        0  u8x8_byte.o(i.u8x8_byte_SendBytes)
    i.u8x8_byte_SetDC                        0x080018a4   Section        0  u8x8_byte.o(i.u8x8_byte_SetDC)
    i.u8x8_cad_001                           0x080018b8   Section        0  u8x8_cad.o(i.u8x8_cad_001)
    i.u8x8_cad_EndTransfer                   0x08001924   Section        0  u8x8_cad.o(i.u8x8_cad_EndTransfer)
    i.u8x8_cad_SendArg                       0x08001936   Section        0  u8x8_cad.o(i.u8x8_cad_SendArg)
    i.u8x8_cad_SendCmd                       0x0800194a   Section        0  u8x8_cad.o(i.u8x8_cad_SendCmd)
    i.u8x8_cad_SendData                      0x0800195e   Section        0  u8x8_cad.o(i.u8x8_cad_SendData)
    i.u8x8_cad_SendSequence                  0x08001978   Section        0  u8x8_cad.o(i.u8x8_cad_SendSequence)
    i.u8x8_cad_StartTransfer                 0x080019f4   Section        0  u8x8_cad.o(i.u8x8_cad_StartTransfer)
    i.u8x8_d_helper_display_init             0x08001a06   Section        0  u8x8_display.o(i.u8x8_d_helper_display_init)
    i.u8x8_d_helper_display_setup_memory     0x08001a66   Section        0  u8x8_display.o(i.u8x8_d_helper_display_setup_memory)
    i.u8x8_d_ssd1306_128x64_noname           0x08001a74   Section        0  u8x8_d_ssd1306_128x64_noname.o(i.u8x8_d_ssd1306_128x64_noname)
    i.u8x8_d_ssd1306_sh1106_generic          0x08001ac8   Section        0  u8x8_d_ssd1306_128x64_noname.o(i.u8x8_d_ssd1306_sh1106_generic)
    u8x8_d_ssd1306_sh1106_generic            0x08001ac9   Thumb Code   242  u8x8_d_ssd1306_128x64_noname.o(i.u8x8_d_ssd1306_sh1106_generic)
    i.u8x8_dummy_cb                          0x08001bcc   Section        0  u8x8_setup.o(i.u8x8_dummy_cb)
    i.u8x8_gpio_call                         0x08001bd4   Section        0  u8x8_gpio.o(i.u8x8_gpio_call)
    i.u8x8_stm32_gpio_and_delay              0x08001bf0   Section        0  main.o(i.u8x8_stm32_gpio_and_delay)
    i.u8x8_utf8_init                         0x08001cac   Section        0  u8x8_8x8.o(i.u8x8_utf8_init)
    i.u8x8_utf8_next                         0x08001cb4   Section        0  u8x8_8x8.o(i.u8x8_utf8_next)
    .constdata                               0x08001d50   Section    20225  u8g2_fonts.o(.constdata)
    .constdata                               0x08006c54   Section       72  u8g2_setup.o(.constdata)
    .constdata                               0x08006c9c   Section      276  u8x8_d_ssd1306_128x64_noname.o(.constdata)
    u8x8_d_ssd1306_128x64_noname_init_seq    0x08006c9c   Data          53  u8x8_d_ssd1306_128x64_noname.o(.constdata)
    u8x8_d_ssd1306_128x64_vcomh0_init_seq    0x08006cd1   Data          53  u8x8_d_ssd1306_128x64_noname.o(.constdata)
    u8x8_d_ssd1306_128x64_alt0_init_seq      0x08006d06   Data          53  u8x8_d_ssd1306_128x64_noname.o(.constdata)
    u8x8_d_sh1106_128x64_winstar_init_seq    0x08006d3b   Data          45  u8x8_d_ssd1306_128x64_noname.o(.constdata)
    u8x8_d_ssd1306_128x64_noname_powersave0_seq 0x08006d68   Data           5  u8x8_d_ssd1306_128x64_noname.o(.constdata)
    u8x8_d_ssd1306_128x64_noname_powersave1_seq 0x08006d6d   Data           5  u8x8_d_ssd1306_128x64_noname.o(.constdata)
    u8x8_d_ssd1306_128x64_noname_flip0_seq   0x08006d72   Data           7  u8x8_d_ssd1306_128x64_noname.o(.constdata)
    u8x8_d_ssd1306_128x64_noname_flip1_seq   0x08006d79   Data           7  u8x8_d_ssd1306_128x64_noname.o(.constdata)
    u8x8_ssd1306_128x64_noname_display_info  0x08006d80   Data          24  u8x8_d_ssd1306_128x64_noname.o(.constdata)
    u8x8_sh1106_128x64_noname_display_info   0x08006d98   Data          24  u8x8_d_ssd1306_128x64_noname.o(.constdata)
    .data                                    0x20000000   Section        4  delay.o(.data)
    fac_us                                   0x20000000   Data           1  delay.o(.data)
    fac_ms                                   0x20000002   Data           2  delay.o(.data)
    .bss                                     0x20000004   Section      148  main.o(.bss)
    .bss                                     0x20000098   Section      128  u8g2_d_memory.o(.bss)
    buf                                      0x20000098   Data         128  u8g2_d_memory.o(.bss)
    STACK                                    0x20000118   Section     1024  startup_stm32f10x_hd.o(STACK)

    Global Symbols

    Symbol Name                              Value     Ov Type        Size  Object(Section)

    BuildAttributes$$THM_ISAv4$P$D$K$B$S$PE$A:L22UL41UL21$X:L11$S22US41US21$IEEE1$IW$USESV6$~STKCKD$USESV7$~SHL$OSPACE$EBA8$MICROLIB$REQ8$PRES8$EABIv2 0x00000000   Number         0  anon$$obj.o ABSOLUTE
    __ARM_use_no_argv                        0x00000000   Number         0  main.o ABSOLUTE
    __cpp_initialize__aeabi_                  - Undefined Weak Reference
    __cxa_finalize                            - Undefined Weak Reference
    __decompress                              - Undefined Weak Reference
    _clock_init                               - Undefined Weak Reference
    _microlib_exit                            - Undefined Weak Reference
    __Vectors_Size                           0x00000130   Number         0  startup_stm32f10x_hd.o ABSOLUTE
    __Vectors                                0x08000000   Data           4  startup_stm32f10x_hd.o(RESET)
    __Vectors_End                            0x08000130   Data           0  startup_stm32f10x_hd.o(RESET)
    __main                                   0x08000131   Thumb Code     0  entry.o(.ARM.Collect$$$$00000000)
    _main_stk                                0x08000131   Thumb Code     0  entry2.o(.ARM.Collect$$$$00000001)
    _main_scatterload                        0x08000135   Thumb Code     0  entry5.o(.ARM.Collect$$$$00000004)
    __main_after_scatterload                 0x08000139   Thumb Code     0  entry5.o(.ARM.Collect$$$$00000004)
    _main_clock                              0x08000139   Thumb Code     0  entry7b.o(.ARM.Collect$$$$00000008)
    _main_cpp_init                           0x08000139   Thumb Code     0  entry8b.o(.ARM.Collect$$$$0000000A)
    _main_init                               0x08000139   Thumb Code     0  entry9a.o(.ARM.Collect$$$$0000000B)
    __rt_final_cpp                           0x08000141   Thumb Code     0  entry10a.o(.ARM.Collect$$$$0000000D)
    __rt_final_exit                          0x08000141   Thumb Code     0  entry11a.o(.ARM.Collect$$$$0000000F)
    Reset_Handler                            0x08000145   Thumb Code     8  startup_stm32f10x_hd.o(.text)
    ADC1_2_IRQHandler                        0x0800015f   Thumb Code     0  startup_stm32f10x_hd.o(.text)
    ADC3_IRQHandler                          0x0800015f   Thumb Code     0  startup_stm32f10x_hd.o(.text)
    CAN1_RX1_IRQHandler                      0x0800015f   Thumb Code     0  startup_stm32f10x_hd.o(.text)
    CAN1_SCE_IRQHandler                      0x0800015f   Thumb Code     0  startup_stm32f10x_hd.o(.text)
    DMA1_Channel1_IRQHandler                 0x0800015f   Thumb Code     0  startup_stm32f10x_hd.o(.text)
    DMA1_Channel2_IRQHandler                 0x0800015f   Thumb Code     0  startup_stm32f10x_hd.o(.text)
    DMA1_Channel3_IRQHandler                 0x0800015f   Thumb Code     0  startup_stm32f10x_hd.o(.text)
    DMA1_Channel4_IRQHandler                 0x0800015f   Thumb Code     0  startup_stm32f10x_hd.o(.text)
    DMA1_Channel5_IRQHandler                 0x0800015f   Thumb Code     0  startup_stm32f10x_hd.o(.text)
    DMA1_Channel6_IRQHandler                 0x0800015f   Thumb Code     0  startup_stm32f10x_hd.o(.text)
    DMA1_Channel7_IRQHandler                 0x0800015f   Thumb Code     0  startup_stm32f10x_hd.o(.text)
    DMA2_Channel1_IRQHandler                 0x0800015f   Thumb Code     0  startup_stm32f10x_hd.o(.text)
    DMA2_Channel2_IRQHandler                 0x0800015f   Thumb Code     0  startup_stm32f10x_hd.o(.text)
    DMA2_Channel3_IRQHandler                 0x0800015f   Thumb Code     0  startup_stm32f10x_hd.o(.text)
    DMA2_Channel4_5_IRQHandler               0x0800015f   Thumb Code     0  startup_stm32f10x_hd.o(.text)
    EXTI0_IRQHandler                         0x0800015f   Thumb Code     0  startup_stm32f10x_hd.o(.text)
    EXTI15_10_IRQHandler                     0x0800015f   Thumb Code     0  startup_stm32f10x_hd.o(.text)
    EXTI1_IRQHandler                         0x0800015f   Thumb Code     0  startup_stm32f10x_hd.o(.text)
    EXTI2_IRQHandler                         0x0800015f   Thumb Code     0  startup_stm32f10x_hd.o(.text)
    EXTI3_IRQHandler                         0x0800015f   Thumb Code     0  startup_stm32f10x_hd.o(.text)
    EXTI4_IRQHandler                         0x0800015f   Thumb Code     0  startup_stm32f10x_hd.o(.text)
    EXTI9_5_IRQHandler                       0x0800015f   Thumb Code     0  startup_stm32f10x_hd.o(.text)
    FLASH_IRQHandler                         0x0800015f   Thumb Code     0  startup_stm32f10x_hd.o(.text)
    FSMC_IRQHandler                          0x0800015f   Thumb Code     0  startup_stm32f10x_hd.o(.text)
    I2C1_ER_IRQHandler                       0x0800015f   Thumb Code     0  startup_stm32f10x_hd.o(.text)
    I2C1_EV_IRQHandler                       0x0800015f   Thumb Code     0  startup_stm32f10x_hd.o(.text)
    I2C2_ER_IRQHandler                       0x0800015f   Thumb Code     0  startup_stm32f10x_hd.o(.text)
    I2C2_EV_IRQHandler                       0x0800015f   Thumb Code     0  startup_stm32f10x_hd.o(.text)
    PVD_IRQHandler                           0x0800015f   Thumb Code     0  startup_stm32f10x_hd.o(.text)
    RCC_IRQHandler                           0x0800015f   Thumb Code     0  startup_stm32f10x_hd.o(.text)
    RTCAlarm_IRQHandler                      0x0800015f   Thumb Code     0  startup_stm32f10x_hd.o(.text)
    RTC_IRQHandler                           0x0800015f   Thumb Code     0  startup_stm32f10x_hd.o(.text)
    SDIO_IRQHandler                          0x0800015f   Thumb Code     0  startup_stm32f10x_hd.o(.text)
    SPI1_IRQHandler                          0x0800015f   Thumb Code     0  startup_stm32f10x_hd.o(.text)
    SPI2_IRQHandler                          0x0800015f   Thumb Code     0  startup_stm32f10x_hd.o(.text)
    SPI3_IRQHandler                          0x0800015f   Thumb Code     0  startup_stm32f10x_hd.o(.text)
    TAMPER_IRQHandler                        0x0800015f   Thumb Code     0  startup_stm32f10x_hd.o(.text)
    TIM1_BRK_IRQHandler                      0x0800015f   Thumb Code     0  startup_stm32f10x_hd.o(.text)
    TIM1_CC_IRQHandler                       0x0800015f   Thumb Code     0  startup_stm32f10x_hd.o(.text)
    TIM1_TRG_COM_IRQHandler                  0x0800015f   Thumb Code     0  startup_stm32f10x_hd.o(.text)
    TIM1_UP_IRQHandler                       0x0800015f   Thumb Code     0  startup_stm32f10x_hd.o(.text)
    TIM2_IRQHandler                          0x0800015f   Thumb Code     0  startup_stm32f10x_hd.o(.text)
    TIM3_IRQHandler                          0x0800015f   Thumb Code     0  startup_stm32f10x_hd.o(.text)
    TIM4_IRQHandler                          0x0800015f   Thumb Code     0  startup_stm32f10x_hd.o(.text)
    TIM5_IRQHandler                          0x0800015f   Thumb Code     0  startup_stm32f10x_hd.o(.text)
    TIM6_IRQHandler                          0x0800015f   Thumb Code     0  startup_stm32f10x_hd.o(.text)
    TIM7_IRQHandler                          0x0800015f   Thumb Code     0  startup_stm32f10x_hd.o(.text)
    TIM8_BRK_IRQHandler                      0x0800015f   Thumb Code     0  startup_stm32f10x_hd.o(.text)
    TIM8_CC_IRQHandler                       0x0800015f   Thumb Code     0  startup_stm32f10x_hd.o(.text)
    TIM8_TRG_COM_IRQHandler                  0x0800015f   Thumb Code     0  startup_stm32f10x_hd.o(.text)
    TIM8_UP_IRQHandler                       0x0800015f   Thumb Code     0  startup_stm32f10x_hd.o(.text)
    UART4_IRQHandler                         0x0800015f   Thumb Code     0  startup_stm32f10x_hd.o(.text)
    UART5_IRQHandler                         0x0800015f   Thumb Code     0  startup_stm32f10x_hd.o(.text)
    USART1_IRQHandler                        0x0800015f   Thumb Code     0  startup_stm32f10x_hd.o(.text)
    USART2_IRQHandler                        0x0800015f   Thumb Code     0  startup_stm32f10x_hd.o(.text)
    USART3_IRQHandler                        0x0800015f   Thumb Code     0  startup_stm32f10x_hd.o(.text)
    USBWakeUp_IRQHandler                     0x0800015f   Thumb Code     0  startup_stm32f10x_hd.o(.text)
    USB_HP_CAN1_TX_IRQHandler                0x0800015f   Thumb Code     0  startup_stm32f10x_hd.o(.text)
    USB_LP_CAN1_RX0_IRQHandler               0x0800015f   Thumb Code     0  startup_stm32f10x_hd.o(.text)
    WWDG_IRQHandler                          0x0800015f   Thumb Code     0  startup_stm32f10x_hd.o(.text)
    __aeabi_memset                           0x08000169   Thumb Code    14  memseta.o(.text)
    __aeabi_memset4                          0x08000169   Thumb Code     0  memseta.o(.text)
    __aeabi_memset8                          0x08000169   Thumb Code     0  memseta.o(.text)
    __aeabi_memclr                           0x08000177   Thumb Code     4  memseta.o(.text)
    __aeabi_memclr4                          0x08000177   Thumb Code     0  memseta.o(.text)
    __aeabi_memclr8                          0x08000177   Thumb Code     0  memseta.o(.text)
    _memset$wrapper                          0x0800017b   Thumb Code    18  memseta.o(.text)
    __scatterload                            0x0800018d   Thumb Code    28  init.o(.text)
    __scatterload_rt2                        0x0800018d   Thumb Code     0  init.o(.text)
    BusFault_Handler                         0x080001b1   Thumb Code     4  stm32f10x_it.o(i.BusFault_Handler)
    DebugMon_Handler                         0x080001b5   Thumb Code     2  stm32f10x_it.o(i.DebugMon_Handler)
    GPIO_Init                                0x080001b7   Thumb Code   278  stm32f10x_gpio.o(i.GPIO_Init)
    GPIO_ResetBits                           0x080002cd   Thumb Code     4  stm32f10x_gpio.o(i.GPIO_ResetBits)
    GPIO_SetBits                             0x080002d1   Thumb Code     4  stm32f10x_gpio.o(i.GPIO_SetBits)
    HardFault_Handler                        0x080002d5   Thumb Code     4  stm32f10x_it.o(i.HardFault_Handler)
    MemManage_Handler                        0x080002d9   Thumb Code     4  stm32f10x_it.o(i.MemManage_Handler)
    NMI_Handler                              0x080002dd   Thumb Code     2  stm32f10x_it.o(i.NMI_Handler)
    OLED_Clear                               0x080002df   Thumb Code    64  oled.o(i.OLED_Clear)
    OLED_Init                                0x08000321   Thumb Code   326  oled.o(i.OLED_Init)
    OLED_Set_Pos                             0x0800046d   Thumb Code    46  oled.o(i.OLED_Set_Pos)
    OLED_WR_Byte                             0x0800049d   Thumb Code   108  oled.o(i.OLED_WR_Byte)
    PendSV_Handler                           0x0800050d   Thumb Code     2  stm32f10x_it.o(i.PendSV_Handler)
    RCC_APB2PeriphClockCmd                   0x08000511   Thumb Code    26  stm32f10x_rcc.o(i.RCC_APB2PeriphClockCmd)
    SVC_Handler                              0x08000531   Thumb Code     2  stm32f10x_it.o(i.SVC_Handler)
    SysTick_CLKSourceConfig                  0x0800061d   Thumb Code    40  misc.o(i.SysTick_CLKSourceConfig)
    SysTick_Handler                          0x08000645   Thumb Code     2  stm32f10x_it.o(i.SysTick_Handler)
    SysTick_Init                             0x08000649   Thumb Code    52  delay.o(i.SysTick_Init)
    SystemInit                               0x08000685   Thumb Code    78  system_stm32f10x.o(i.SystemInit)
    UsageFault_Handler                       0x080006e5   Thumb Code     4  stm32f10x_it.o(i.UsageFault_Handler)
    __scatterload_copy                       0x080006e9   Thumb Code    14  handlers.o(i.__scatterload_copy)
    __scatterload_null                       0x080006f7   Thumb Code     2  handlers.o(i.__scatterload_null)
    __scatterload_zeroinit                   0x080006f9   Thumb Code    14  handlers.o(i.__scatterload_zeroinit)
    delay_ms                                 0x08000709   Thumb Code    72  delay.o(i.delay_ms)
    draw                                     0x08000755   Thumb Code    42  main.o(i.draw)
    main                                     0x0800078d   Thumb Code    60  main.o(i.main)
    u8g2_ClearBuffer                         0x080007d9   Thumb Code    26  u8g2_buffer.o(i.u8g2_ClearBuffer)
    u8g2_DrawGlyph                           0x080007f3   Thumb Code    98  u8g2_font.o(i.u8g2_DrawGlyph)
    u8g2_DrawHVLine                          0x08000855   Thumb Code   220  u8g2_hvline.o(i.u8g2_DrawHVLine)
    u8g2_DrawUTF8                            0x08000931   Thumb Code    32  u8g2_font.o(i.u8g2_DrawUTF8)
    u8g2_FirstPage                           0x08000955   Thumb Code    26  u8g2_buffer.o(i.u8g2_FirstPage)
    u8g2_IsIntersection                      0x0800096f   Thumb Code    58  u8g2_intersection.o(i.u8g2_IsIntersection)
    u8g2_NextPage                            0x080009a9   Thumb Code    64  u8g2_buffer.o(i.u8g2_NextPage)
    u8g2_SetBufferCurrTileRow                0x080009e9   Thumb Code    28  u8g2_buffer.o(i.u8g2_SetBufferCurrTileRow)
    u8g2_SetFont                             0x08000a05   Thumb Code    32  u8g2_font.o(i.u8g2_SetFont)
    u8g2_SetFontDirection                    0x08000a25   Thumb Code     6  u8g2_font.o(i.u8g2_SetFontDirection)
    u8g2_SetFontMode                         0x08000a2b   Thumb Code     6  u8g2_font.o(i.u8g2_SetFontMode)
    u8g2_SetFontPosBaseline                  0x08000a31   Thumb Code     6  u8g2_font.o(i.u8g2_SetFontPosBaseline)
    u8g2_SetMaxClipWindow                    0x08000a3d   Thumb Code    32  u8g2_setup.o(i.u8g2_SetMaxClipWindow)
    u8g2_SetupBuffer                         0x08000a5d   Thumb Code    88  u8g2_setup.o(i.u8g2_SetupBuffer)
    u8g2_Setup_ssd1306_128x64_noname_1       0x08000ab5   Thumb Code    54  u8g2_d_setup.o(i.u8g2_Setup_ssd1306_128x64_noname_1)
    u8g2_UpdateRefHeight                     0x08000af9   Thumb Code   136  u8g2_font.o(i.u8g2_UpdateRefHeight)
    u8g2_add_vector_x                        0x08000b81   Thumb Code    42  u8g2_font.o(i.u8g2_add_vector_x)
    u8g2_add_vector_y                        0x08000bab   Thumb Code    42  u8g2_font.o(i.u8g2_add_vector_y)
    u8g2_draw_hv_line_2dir                   0x08000c9b   Thumb Code    44  u8g2_hvline.o(i.u8g2_draw_hv_line_2dir)
    u8g2_draw_l90_mirrorr_r0                 0x08000cc7   Thumb Code    60  u8g2_setup.o(i.u8g2_draw_l90_mirrorr_r0)
    u8g2_draw_l90_r0                         0x08000d03   Thumb Code    36  u8g2_setup.o(i.u8g2_draw_l90_r0)
    u8g2_draw_l90_r1                         0x08000d27   Thumb Code    68  u8g2_setup.o(i.u8g2_draw_l90_r1)
    u8g2_draw_l90_r2                         0x08000d6b   Thumb Code    86  u8g2_setup.o(i.u8g2_draw_l90_r2)
    u8g2_draw_l90_r3                         0x08000dc1   Thumb Code    80  u8g2_setup.o(i.u8g2_draw_l90_r3)
    u8g2_draw_mirror_vertical_r0             0x08000e11   Thumb Code    60  u8g2_setup.o(i.u8g2_draw_mirror_vertical_r0)
    u8g2_font_calc_vref_font                 0x08000edd   Thumb Code     6  u8g2_font.o(i.u8g2_font_calc_vref_font)
    u8g2_font_decode_get_signed_bits         0x08000ee3   Thumb Code    36  u8g2_font.o(i.u8g2_font_decode_get_signed_bits)
    u8g2_font_decode_get_unsigned_bits       0x08000f07   Thumb Code    66  u8g2_font.o(i.u8g2_font_decode_get_unsigned_bits)
    u8g2_font_decode_glyph                   0x08000f49   Thumb Code   386  u8g2_font.o(i.u8g2_font_decode_glyph)
    u8g2_font_decode_len                     0x080010cb   Thumb Code   176  u8g2_font.o(i.u8g2_font_decode_len)
    u8g2_font_get_glyph_data                 0x080011bd   Thumb Code   146  u8g2_font.o(i.u8g2_font_get_glyph_data)
    u8g2_is_intersection_decision_tree       0x080012a7   Thumb Code    48  u8g2_intersection.o(i.u8g2_is_intersection_decision_tree)
    u8g2_ll_hvline_vertical_top_lsb          0x080012d7   Thumb Code   238  u8g2_ll_hvline.o(i.u8g2_ll_hvline_vertical_top_lsb)
    u8g2_m_16_8_1                            0x080013c5   Thumb Code    10  u8g2_d_memory.o(i.u8g2_m_16_8_1)
    u8g2_read_font_info                      0x080013d5   Thumb Code   224  u8g2_font.o(i.u8g2_read_font_info)
    u8g2_update_dimension_r0                 0x08001581   Thumb Code    12  u8g2_setup.o(i.u8g2_update_dimension_r0)
    u8g2_update_dimension_r1                 0x0800158d   Thumb Code    28  u8g2_setup.o(i.u8g2_update_dimension_r1)
    u8g2_update_dimension_r2                 0x080015a9   Thumb Code    12  u8g2_setup.o(i.u8g2_update_dimension_r2)
    u8g2_update_dimension_r3                 0x080015b5   Thumb Code    28  u8g2_setup.o(i.u8g2_update_dimension_r3)
    u8g2_update_page_win_r0                  0x080015d1   Thumb Code    32  u8g2_setup.o(i.u8g2_update_page_win_r0)
    u8g2_update_page_win_r1                  0x080015f1   Thumb Code    32  u8g2_setup.o(i.u8g2_update_page_win_r1)
    u8g2_update_page_win_r2                  0x08001611   Thumb Code    60  u8g2_setup.o(i.u8g2_update_page_win_r2)
    u8g2_update_page_win_r3                  0x0800164d   Thumb Code    60  u8g2_setup.o(i.u8g2_update_page_win_r3)
    u8x8_DrawTile                            0x08001689   Thumb Code    50  u8x8_display.o(i.u8x8_DrawTile)
    u8x8_InitDisplay                         0x080016bb   Thumb Code    18  u8x8_display.o(i.u8x8_InitDisplay)
    u8x8_RefreshDisplay                      0x080016cd   Thumb Code    18  u8x8_display.o(i.u8x8_RefreshDisplay)
    u8x8_SetPowerSave                        0x080016df   Thumb Code    20  u8x8_display.o(i.u8x8_SetPowerSave)
    u8x8_Setup                               0x080016f3   Thumb Code    42  u8x8_setup.o(i.u8x8_Setup)
    u8x8_SetupDefaults                       0x0800171d   Thumb Code    38  u8x8_setup.o(i.u8x8_SetupDefaults)
    u8x8_SetupMemory                         0x08001749   Thumb Code    18  u8x8_display.o(i.u8x8_SetupMemory)
    u8x8_byte_4wire_sw_spi                   0x0800175b   Thumb Code   288  u8x8_byte.o(i.u8x8_byte_4wire_sw_spi)
    u8x8_byte_SendByte                       0x0800187b   Thumb Code    16  u8x8_byte.o(i.u8x8_byte_SendByte)
    u8x8_byte_SendBytes                      0x0800188b   Thumb Code    26  u8x8_byte.o(i.u8x8_byte_SendBytes)
    u8x8_byte_SetDC                          0x080018a5   Thumb Code    20  u8x8_byte.o(i.u8x8_byte_SetDC)
    u8x8_cad_001                             0x080018b9   Thumb Code   108  u8x8_cad.o(i.u8x8_cad_001)
    u8x8_cad_EndTransfer                     0x08001925   Thumb Code    18  u8x8_cad.o(i.u8x8_cad_EndTransfer)
    u8x8_cad_SendArg                         0x08001937   Thumb Code    20  u8x8_cad.o(i.u8x8_cad_SendArg)
    u8x8_cad_SendCmd                         0x0800194b   Thumb Code    20  u8x8_cad.o(i.u8x8_cad_SendCmd)
    u8x8_cad_SendData                        0x0800195f   Thumb Code    26  u8x8_cad.o(i.u8x8_cad_SendData)
    u8x8_cad_SendSequence                    0x08001979   Thumb Code   124  u8x8_cad.o(i.u8x8_cad_SendSequence)
    u8x8_cad_StartTransfer                   0x080019f5   Thumb Code    18  u8x8_cad.o(i.u8x8_cad_StartTransfer)
    u8x8_d_helper_display_init               0x08001a07   Thumb Code    96  u8x8_display.o(i.u8x8_d_helper_display_init)
    u8x8_d_helper_display_setup_memory       0x08001a67   Thumb Code    12  u8x8_display.o(i.u8x8_d_helper_display_setup_memory)
    u8x8_d_ssd1306_128x64_noname             0x08001a75   Thumb Code    76  u8x8_d_ssd1306_128x64_noname.o(i.u8x8_d_ssd1306_128x64_noname)
    u8x8_dummy_cb                            0x08001bcd   Thumb Code     8  u8x8_setup.o(i.u8x8_dummy_cb)
    u8x8_gpio_call                           0x08001bd5   Thumb Code    26  u8x8_gpio.o(i.u8x8_gpio_call)
    u8x8_stm32_gpio_and_delay                0x08001bf1   Thumb Code   184  main.o(i.u8x8_stm32_gpio_and_delay)
    u8x8_utf8_init                           0x08001cad   Thumb Code     8  u8x8_8x8.o(i.u8x8_utf8_init)
    u8x8_utf8_next                           0x08001cb5   Thumb Code   156  u8x8_8x8.o(i.u8x8_utf8_next)
    u8g2_font_unifont_t_chinese2             0x08001d50   Data       20225  u8g2_fonts.o(.constdata)
    u8g2_cb_r0                               0x08006c54   Data          12  u8g2_setup.o(.constdata)
    u8g2_cb_r1                               0x08006c60   Data          12  u8g2_setup.o(.constdata)
    u8g2_cb_r2                               0x08006c6c   Data          12  u8g2_setup.o(.constdata)
    u8g2_cb_r3                               0x08006c78   Data          12  u8g2_setup.o(.constdata)
    u8g2_cb_mirror                           0x08006c84   Data          12  u8g2_setup.o(.constdata)
    u8g2_cb_mirror_vertical                  0x08006c90   Data          12  u8g2_setup.o(.constdata)
    Region$$Table$$Base                      0x08006db0   Number         0  anon$$obj.o(Region$$Table)
    Region$$Table$$Limit                     0x08006dd0   Number         0  anon$$obj.o(Region$$Table)
    u8g2                                     0x20000004   Data         148  main.o(.bss)
    __initial_sp                             0x20000518   Data           0  startup_stm32f10x_hd.o(STACK)



==============================================================================

Memory Map of the image

  Image Entry point : 0x08000131

  Load Region LR_IROM1 (Base: 0x08000000, Size: 0x00006dd4, Max: 0x00010000, ABSOLUTE)

    Execution Region ER_IROM1 (Base: 0x08000000, Size: 0x00006dd0, Max: 0x00010000, ABSOLUTE)

    Base Addr    Size         Type   Attr      Idx    E Section Name        Object

    0x08000000   0x00000130   Data   RO            3    RESET               startup_stm32f10x_hd.o
    0x08000130   0x00000000   Code   RO         5994  * .ARM.Collect$$$$00000000  mc_w.l(entry.o)
    0x08000130   0x00000004   Code   RO         5999    .ARM.Collect$$$$00000001  mc_w.l(entry2.o)
    0x08000134   0x00000004   Code   RO         6002    .ARM.Collect$$$$00000004  mc_w.l(entry5.o)
    0x08000138   0x00000000   Code   RO         6004    .ARM.Collect$$$$00000008  mc_w.l(entry7b.o)
    0x08000138   0x00000000   Code   RO         6006    .ARM.Collect$$$$0000000A  mc_w.l(entry8b.o)
    0x08000138   0x00000008   Code   RO         6007    .ARM.Collect$$$$0000000B  mc_w.l(entry9a.o)
    0x08000140   0x00000000   Code   RO         6009    .ARM.Collect$$$$0000000D  mc_w.l(entry10a.o)
    0x08000140   0x00000000   Code   RO         6011    .ARM.Collect$$$$0000000F  mc_w.l(entry11a.o)
    0x08000140   0x00000004   Code   RO         6000    .ARM.Collect$$$$00002712  mc_w.l(entry2.o)
    0x08000144   0x00000024   Code   RO            4    .text               startup_stm32f10x_hd.o
    0x08000168   0x00000024   Code   RO         5997    .text               mc_w.l(memseta.o)
    0x0800018c   0x00000024   Code   RO         6013    .text               mc_w.l(init.o)
    0x080001b0   0x00000004   Code   RO         3149    i.BusFault_Handler  stm32f10x_it.o
    0x080001b4   0x00000002   Code   RO         3150    i.DebugMon_Handler  stm32f10x_it.o
    0x080001b6   0x00000116   Code   RO         1248    i.GPIO_Init         stm32f10x_gpio.o
    0x080002cc   0x00000004   Code   RO         1255    i.GPIO_ResetBits    stm32f10x_gpio.o
    0x080002d0   0x00000004   Code   RO         1256    i.GPIO_SetBits      stm32f10x_gpio.o
    0x080002d4   0x00000004   Code   RO         3151    i.HardFault_Handler  stm32f10x_it.o
    0x080002d8   0x00000004   Code   RO         3152    i.MemManage_Handler  stm32f10x_it.o
    0x080002dc   0x00000002   Code   RO         3153    i.NMI_Handler       stm32f10x_it.o
    0x080002de   0x00000040   Code   RO         3246    i.OLED_Clear        oled.o
    0x0800031e   0x00000002   PAD
    0x08000320   0x0000014c   Code   RO         3250    i.OLED_Init         oled.o
    0x0800046c   0x0000002e   Code   RO         3251    i.OLED_Set_Pos      oled.o
    0x0800049a   0x00000002   PAD
    0x0800049c   0x00000070   Code   RO         3256    i.OLED_WR_Byte      oled.o
    0x0800050c   0x00000002   Code   RO         3154    i.PendSV_Handler    stm32f10x_it.o
    0x0800050e   0x00000002   PAD
    0x08000510   0x00000020   Code   RO         1666    i.RCC_APB2PeriphClockCmd  stm32f10x_rcc.o
    0x08000530   0x00000002   Code   RO         3155    i.SVC_Handler       stm32f10x_it.o
    0x08000532   0x00000008   Code   RO         3212    i.SetSysClock       system_stm32f10x.o
    0x0800053a   0x00000002   PAD
    0x0800053c   0x000000e0   Code   RO         3213    i.SetSysClockTo72   system_stm32f10x.o
    0x0800061c   0x00000028   Code   RO           14    i.SysTick_CLKSourceConfig  misc.o
    0x08000644   0x00000002   Code   RO         3156    i.SysTick_Handler   stm32f10x_it.o
    0x08000646   0x00000002   PAD
    0x08000648   0x0000003c   Code   RO         3359    i.SysTick_Init      delay.o
    0x08000684   0x00000060   Code   RO         3215    i.SystemInit        system_stm32f10x.o
    0x080006e4   0x00000004   Code   RO         3157    i.UsageFault_Handler  stm32f10x_it.o
    0x080006e8   0x0000000e   Code   RO         6017    i.__scatterload_copy  mc_w.l(handlers.o)
    0x080006f6   0x00000002   Code   RO         6018    i.__scatterload_null  mc_w.l(handlers.o)
    0x080006f8   0x0000000e   Code   RO         6019    i.__scatterload_zeroinit  mc_w.l(handlers.o)
    0x08000706   0x00000002   PAD
    0x08000708   0x0000004c   Code   RO         3360    i.delay_ms          delay.o
    0x08000754   0x00000038   Code   RO         3064    i.draw              main.o
    0x0800078c   0x0000004c   Code   RO         3065    i.main              main.o
    0x080007d8   0x0000001a   Code   RO         4090    i.u8g2_ClearBuffer  u8g2_buffer.o
    0x080007f2   0x00000062   Code   RO         4299    i.u8g2_DrawGlyph    u8g2_font.o
    0x08000854   0x000000dc   Code   RO         4597    i.u8g2_DrawHVLine   u8g2_hvline.o
    0x08000930   0x00000024   Code   RO         4301    i.u8g2_DrawUTF8     u8g2_font.o
    0x08000954   0x0000001a   Code   RO         4091    i.u8g2_FirstPage    u8g2_buffer.o
    0x0800096e   0x0000003a   Code   RO         4658    i.u8g2_IsIntersection  u8g2_intersection.o
    0x080009a8   0x00000040   Code   RO         4092    i.u8g2_NextPage     u8g2_buffer.o
    0x080009e8   0x0000001c   Code   RO         4094    i.u8g2_SetBufferCurrTileRow  u8g2_buffer.o
    0x08000a04   0x00000020   Code   RO         4315    i.u8g2_SetFont      u8g2_font.o
    0x08000a24   0x00000006   Code   RO         4316    i.u8g2_SetFontDirection  u8g2_font.o
    0x08000a2a   0x00000006   Code   RO         4317    i.u8g2_SetFontMode  u8g2_font.o
    0x08000a30   0x0000000c   Code   RO         4318    i.u8g2_SetFontPosBaseline  u8g2_font.o
    0x08000a3c   0x00000020   Code   RO         4873    i.u8g2_SetMaxClipWindow  u8g2_setup.o
    0x08000a5c   0x00000058   Code   RO         4874    i.u8g2_SetupBuffer  u8g2_setup.o
    0x08000ab4   0x00000044   Code   RO         4285    i.u8g2_Setup_ssd1306_128x64_noname_1  u8g2_d_setup.o
    0x08000af8   0x00000088   Code   RO         4325    i.u8g2_UpdateRefHeight  u8g2_font.o
    0x08000b80   0x0000002a   Code   RO         4326    i.u8g2_add_vector_x  u8g2_font.o
    0x08000baa   0x0000002a   Code   RO         4327    i.u8g2_add_vector_y  u8g2_font.o
    0x08000bd4   0x0000007a   Code   RO         4876    i.u8g2_apply_clip_window  u8g2_setup.o
    0x08000c4e   0x0000004c   Code   RO         4601    i.u8g2_clip_intersection2  u8g2_hvline.o
    0x08000c9a   0x0000002c   Code   RO         4602    i.u8g2_draw_hv_line_2dir  u8g2_hvline.o
    0x08000cc6   0x0000003c   Code   RO         4877    i.u8g2_draw_l90_mirrorr_r0  u8g2_setup.o
    0x08000d02   0x00000024   Code   RO         4878    i.u8g2_draw_l90_r0  u8g2_setup.o
    0x08000d26   0x00000044   Code   RO         4879    i.u8g2_draw_l90_r1  u8g2_setup.o
    0x08000d6a   0x00000056   Code   RO         4880    i.u8g2_draw_l90_r2  u8g2_setup.o
    0x08000dc0   0x00000050   Code   RO         4881    i.u8g2_draw_l90_r3  u8g2_setup.o
    0x08000e10   0x0000003c   Code   RO         4882    i.u8g2_draw_mirror_vertical_r0  u8g2_setup.o
    0x08000e4c   0x00000090   Code   RO         4328    i.u8g2_draw_string  u8g2_font.o
    0x08000edc   0x00000006   Code   RO         4331    i.u8g2_font_calc_vref_font  u8g2_font.o
    0x08000ee2   0x00000024   Code   RO         4333    i.u8g2_font_decode_get_signed_bits  u8g2_font.o
    0x08000f06   0x00000042   Code   RO         4334    i.u8g2_font_decode_get_unsigned_bits  u8g2_font.o
    0x08000f48   0x00000182   Code   RO         4335    i.u8g2_font_decode_glyph  u8g2_font.o
    0x080010ca   0x000000b0   Code   RO         4336    i.u8g2_font_decode_len  u8g2_font.o
    0x0800117a   0x0000003a   Code   RO         4337    i.u8g2_font_draw_glyph  u8g2_font.o
    0x080011b4   0x00000008   Code   RO         4338    i.u8g2_font_get_byte  u8g2_font.o
    0x080011bc   0x00000092   Code   RO         4339    i.u8g2_font_get_glyph_data  u8g2_font.o
    0x0800124e   0x00000018   Code   RO         4340    i.u8g2_font_get_word  u8g2_font.o
    0x08001266   0x00000040   Code   RO         4341    i.u8g2_font_setup_decode  u8g2_font.o
    0x080012a6   0x00000030   Code   RO         4659    i.u8g2_is_intersection_decision_tree  u8g2_intersection.o
    0x080012d6   0x000000ee   Code   RO         4707    i.u8g2_ll_hvline_vertical_top_lsb  u8g2_ll_hvline.o
    0x080013c4   0x00000010   Code   RO         4272    i.u8g2_m_16_8_1     u8g2_d_memory.o
    0x080013d4   0x000000e0   Code   RO         4343    i.u8g2_read_font_info  u8g2_font.o
    0x080014b4   0x00000036   Code   RO         4101    i.u8g2_send_buffer  u8g2_buffer.o
    0x080014ea   0x00000036   Code   RO         4102    i.u8g2_send_tile_row  u8g2_buffer.o
    0x08001520   0x00000060   Code   RO         4883    i.u8g2_update_dimension_common  u8g2_setup.o
    0x08001580   0x0000000c   Code   RO         4884    i.u8g2_update_dimension_r0  u8g2_setup.o
    0x0800158c   0x0000001c   Code   RO         4885    i.u8g2_update_dimension_r1  u8g2_setup.o
    0x080015a8   0x0000000c   Code   RO         4886    i.u8g2_update_dimension_r2  u8g2_setup.o
    0x080015b4   0x0000001c   Code   RO         4887    i.u8g2_update_dimension_r3  u8g2_setup.o
    0x080015d0   0x00000020   Code   RO         4888    i.u8g2_update_page_win_r0  u8g2_setup.o
    0x080015f0   0x00000020   Code   RO         4889    i.u8g2_update_page_win_r1  u8g2_setup.o
    0x08001610   0x0000003c   Code   RO         4890    i.u8g2_update_page_win_r2  u8g2_setup.o
    0x0800164c   0x0000003c   Code   RO         4891    i.u8g2_update_page_win_r3  u8g2_setup.o
    0x08001688   0x00000032   Code   RO         5702    i.u8x8_DrawTile     u8x8_display.o
    0x080016ba   0x00000012   Code   RO         5704    i.u8x8_InitDisplay  u8x8_display.o
    0x080016cc   0x00000012   Code   RO         5706    i.u8x8_RefreshDisplay  u8x8_display.o
    0x080016de   0x00000014   Code   RO         5709    i.u8x8_SetPowerSave  u8x8_display.o
    0x080016f2   0x0000002a   Code   RO         5880    i.u8x8_Setup        u8x8_setup.o
    0x0800171c   0x0000002c   Code   RO         5881    i.u8x8_SetupDefaults  u8x8_setup.o
    0x08001748   0x00000012   Code   RO         5710    i.u8x8_SetupMemory  u8x8_display.o
    0x0800175a   0x00000120   Code   RO         5307    i.u8x8_byte_4wire_sw_spi  u8x8_byte.o
    0x0800187a   0x00000010   Code   RO         5311    i.u8x8_byte_SendByte  u8x8_byte.o
    0x0800188a   0x0000001a   Code   RO         5312    i.u8x8_byte_SendBytes  u8x8_byte.o
    0x080018a4   0x00000014   Code   RO         5313    i.u8x8_byte_SetDC   u8x8_byte.o
    0x080018b8   0x0000006c   Code   RO         5442    i.u8x8_cad_001      u8x8_cad.o
    0x08001924   0x00000012   Code   RO         5446    i.u8x8_cad_EndTransfer  u8x8_cad.o
    0x08001936   0x00000014   Code   RO         5447    i.u8x8_cad_SendArg  u8x8_cad.o
    0x0800194a   0x00000014   Code   RO         5448    i.u8x8_cad_SendCmd  u8x8_cad.o
    0x0800195e   0x0000001a   Code   RO         5449    i.u8x8_cad_SendData  u8x8_cad.o
    0x08001978   0x0000007c   Code   RO         5451    i.u8x8_cad_SendSequence  u8x8_cad.o
    0x080019f4   0x00000012   Code   RO         5452    i.u8x8_cad_StartTransfer  u8x8_cad.o
    0x08001a06   0x00000060   Code   RO         5711    i.u8x8_d_helper_display_init  u8x8_display.o
    0x08001a66   0x0000000c   Code   RO         5712    i.u8x8_d_helper_display_setup_memory  u8x8_display.o
    0x08001a72   0x00000002   PAD
    0x08001a74   0x00000054   Code   RO         5632    i.u8x8_d_ssd1306_128x64_noname  u8x8_d_ssd1306_128x64_noname.o
    0x08001ac8   0x00000104   Code   RO         5634    i.u8x8_d_ssd1306_sh1106_generic  u8x8_d_ssd1306_128x64_noname.o
    0x08001bcc   0x00000008   Code   RO         5883    i.u8x8_dummy_cb     u8x8_setup.o
    0x08001bd4   0x0000001a   Code   RO         5802    i.u8x8_gpio_call    u8x8_gpio.o
    0x08001bee   0x00000002   PAD
    0x08001bf0   0x000000bc   Code   RO         3066    i.u8x8_stm32_gpio_and_delay  main.o
    0x08001cac   0x00000008   Code   RO         5184    i.u8x8_utf8_init    u8x8_8x8.o
    0x08001cb4   0x0000009c   Code   RO         5185    i.u8x8_utf8_next    u8x8_8x8.o
    0x08001d50   0x00004f01   Data   RO         4583    .constdata          u8g2_fonts.o
    0x08006c51   0x00000003   PAD
    0x08006c54   0x00000048   Data   RO         4892    .constdata          u8g2_setup.o
    0x08006c9c   0x00000114   Data   RO         5635    .constdata          u8x8_d_ssd1306_128x64_noname.o
    0x08006db0   0x00000020   Data   RO         6015    Region$$Table       anon$$obj.o


    Execution Region RW_IRAM1 (Base: 0x20000000, Size: 0x00000518, Max: 0x00005000, ABSOLUTE)

    Base Addr    Size         Type   Attr      Idx    E Section Name        Object

    0x20000000   0x00000004   Data   RW         3362    .data               delay.o
    0x20000004   0x00000094   Zero   RW         3067    .bss                main.o
    0x20000098   0x00000080   Zero   RW         4273    .bss                u8g2_d_memory.o
    0x20000118   0x00000400   Zero   RW            1    STACK               startup_stm32f10x_hd.o


==============================================================================

Image component sizes


      Code (inc. data)   RO Data    RW Data    ZI Data      Debug   Object Name

       136         12          0          4          0       1190   delay.o
       320         34          0          0        148     159339   main.o
        40          0          0          0          0     214998   misc.o
       554         10          0          0          0       2283   oled.o
        36          8        304          0       1024        816   startup_stm32f10x_hd.o
       286          0          0          0          0       2864   stm32f10x_gpio.o
        26          0          0          0          0       3598   stm32f10x_it.o
        32          6          0          0          0        533   stm32f10x_rcc.o
       328         28          0          0          0       1745   system_stm32f10x.o
       252          0          0          0          0       3776   u8g2_buffer.o
        16          6          0          0        128        804   u8g2_d_memory.o
        68         14          0          0          0        981   u8g2_d_setup.o
      1748         10          0          0          0      13772   u8g2_font.o
         0          0      20225          0          0        547   u8g2_fonts.o
       340          0          0          0          0       2447   u8g2_hvline.o
       106          0          0          0          0       1435   u8g2_intersection.o
       238          0          0          0          0       1354   u8g2_ll_hvline.o
       992          0         72          0          0     151115   u8g2_setup.o
       164          0          0          0          0       1126   u8x8_8x8.o
       350          0          0          0          0       2958   u8x8_byte.o
       334          6          0          0          0       4373   u8x8_cad.o
       344         26        276          0          0       2891   u8x8_d_ssd1306_128x64_noname.o
       232          0          0          0          0       4090   u8x8_display.o
        26          0          0          0          0        557   u8x8_gpio.o
        94          6          0          0          0       1754   u8x8_setup.o

    ----------------------------------------------------------------------
      7076        166      20912          4       1300     581346   Object Totals
         0          0         32          0          0          0   (incl. Generated)
        14          0          3          0          0          0   (incl. Padding)

    ----------------------------------------------------------------------

      Code (inc. data)   RO Data    RW Data    ZI Data      Debug   Library Member Name

         0          0          0          0          0          0   entry.o
         0          0          0          0          0          0   entry10a.o
         0          0          0          0          0          0   entry11a.o
         8          4          0          0          0          0   entry2.o
         4          0          0          0          0          0   entry5.o
         0          0          0          0          0          0   entry7b.o
         0          0          0          0          0          0   entry8b.o
         8          4          0          0          0          0   entry9a.o
        30          0          0          0          0          0   handlers.o
        36          8          0          0          0         68   init.o
        36          0          0          0          0        108   memseta.o

    ----------------------------------------------------------------------
       124         16          0          0          0        176   Library Totals
         2          0          0          0          0          0   (incl. Padding)

    ----------------------------------------------------------------------

      Code (inc. data)   RO Data    RW Data    ZI Data      Debug   Library Name

       122         16          0          0          0        176   mc_w.l

    ----------------------------------------------------------------------
       124         16          0          0          0        176   Library Totals

    ----------------------------------------------------------------------

==============================================================================


      Code (inc. data)   RO Data    RW Data    ZI Data      Debug   

      7200        182      20912          4       1300     576422   Grand Totals
      7200        182      20912          4       1300     576422   ELF Image Totals
      7200        182      20912          4          0          0   ROM Totals

==============================================================================

    Total RO  Size (Code + RO Data)                28112 (  27.45kB)
    Total RW  Size (RW Data + ZI Data)              1304 (   1.27kB)
    Total ROM Size (Code + RO Data + RW Data)      28116 (  27.46kB)

==============================================================================

